Component: ARM Compiler 5.06 update 6 (build 750) Tool: armlink [4d35ed]

==============================================================================

Section Cross References

    startup_stm32f103xb.o(STACK) refers (Special) to heapauxi.o(.text) for __use_two_region_memory
    startup_stm32f103xb.o(HEAP) refers (Special) to heapauxi.o(.text) for __use_two_region_memory
    startup_stm32f103xb.o(RESET) refers (Special) to heapauxi.o(.text) for __use_two_region_memory
    startup_stm32f103xb.o(RESET) refers to startup_stm32f103xb.o(STACK) for __initial_sp
    startup_stm32f103xb.o(RESET) refers to startup_stm32f103xb.o(.text) for Reset_Handler
    startup_stm32f103xb.o(RESET) refers to stm32f1xx_it.o(i.NMI_Handler) for NMI_Handler
    startup_stm32f103xb.o(RESET) refers to stm32f1xx_it.o(i.HardFault_Handler) for HardFault_Handler
    startup_stm32f103xb.o(RESET) refers to stm32f1xx_it.o(i.MemManage_Handler) for MemManage_Handler
    startup_stm32f103xb.o(RESET) refers to stm32f1xx_it.o(i.BusFault_Handler) for BusFault_Handler
    startup_stm32f103xb.o(RESET) refers to stm32f1xx_it.o(i.UsageFault_Handler) for UsageFault_Handler
    startup_stm32f103xb.o(RESET) refers to port.o(.emb_text) for SVC_Handler
    startup_stm32f103xb.o(RESET) refers to stm32f1xx_it.o(i.DebugMon_Handler) for DebugMon_Handler
    startup_stm32f103xb.o(RESET) refers to cmsis_os2.o(i.SysTick_Handler) for SysTick_Handler
    startup_stm32f103xb.o(RESET) refers to stm32f1xx_it.o(i.DMA1_Channel1_IRQHandler) for DMA1_Channel1_IRQHandler
    startup_stm32f103xb.o(RESET) refers to stm32f1xx_it.o(i.DMA1_Channel2_IRQHandler) for DMA1_Channel2_IRQHandler
    startup_stm32f103xb.o(RESET) refers to stm32f1xx_it.o(i.DMA1_Channel4_IRQHandler) for DMA1_Channel4_IRQHandler
    startup_stm32f103xb.o(RESET) refers to stm32f1xx_it.o(i.DMA1_Channel5_IRQHandler) for DMA1_Channel5_IRQHandler
    startup_stm32f103xb.o(RESET) refers to stm32f1xx_it.o(i.DMA1_Channel6_IRQHandler) for DMA1_Channel6_IRQHandler
    startup_stm32f103xb.o(RESET) refers to stm32f1xx_it.o(i.DMA1_Channel7_IRQHandler) for DMA1_Channel7_IRQHandler
    startup_stm32f103xb.o(RESET) refers to stm32f1xx_it.o(i.ADC1_2_IRQHandler) for ADC1_2_IRQHandler
    startup_stm32f103xb.o(RESET) refers to stm32f1xx_it.o(i.TIM2_IRQHandler) for TIM2_IRQHandler
    startup_stm32f103xb.o(RESET) refers to stm32f1xx_it.o(i.USART1_IRQHandler) for USART1_IRQHandler
    startup_stm32f103xb.o(RESET) refers to stm32f1xx_it.o(i.USART2_IRQHandler) for USART2_IRQHandler
    startup_stm32f103xb.o(RESET) refers to stm32f1xx_it.o(i.USART3_IRQHandler) for USART3_IRQHandler
    startup_stm32f103xb.o(.text) refers (Special) to heapauxi.o(.text) for __use_two_region_memory
    startup_stm32f103xb.o(.text) refers to system_stm32f1xx.o(i.SystemInit) for SystemInit
    startup_stm32f103xb.o(.text) refers to __main.o(!!!main) for __main
    startup_stm32f103xb.o(.text) refers to startup_stm32f103xb.o(HEAP) for Heap_Mem
    startup_stm32f103xb.o(.text) refers to startup_stm32f103xb.o(STACK) for Stack_Mem
    main.o(i.HAL_TIM_PeriodElapsedCallback) refers to stm32f1xx_hal.o(i.HAL_IncTick) for HAL_IncTick
    main.o(i.SystemClock_Config) refers to rt_memclr_w.o(.text) for __aeabi_memclr4
    main.o(i.SystemClock_Config) refers to stm32f1xx_hal_rcc.o(i.HAL_RCC_OscConfig) for HAL_RCC_OscConfig
    main.o(i.SystemClock_Config) refers to stm32f1xx_hal_rcc.o(i.HAL_RCC_ClockConfig) for HAL_RCC_ClockConfig
    main.o(i.SystemClock_Config) refers to stm32f1xx_hal_rcc_ex.o(i.HAL_RCCEx_PeriphCLKConfig) for HAL_RCCEx_PeriphCLKConfig
    main.o(i.main) refers to stm32f1xx_hal.o(i.HAL_Init) for HAL_Init
    main.o(i.main) refers to main.o(i.SystemClock_Config) for SystemClock_Config
    main.o(i.main) refers to gpio.o(i.MX_GPIO_Init) for MX_GPIO_Init
    main.o(i.main) refers to dma.o(i.MX_DMA_Init) for MX_DMA_Init
    main.o(i.main) refers to adc.o(i.MX_ADC1_Init) for MX_ADC1_Init
    main.o(i.main) refers to usart.o(i.MX_USART1_UART_Init) for MX_USART1_UART_Init
    main.o(i.main) refers to usart.o(i.MX_USART2_UART_Init) for MX_USART2_UART_Init
    main.o(i.main) refers to usart.o(i.MX_USART3_UART_Init) for MX_USART3_UART_Init
    main.o(i.main) refers to tim.o(i.MX_TIM4_Init) for MX_TIM4_Init
    main.o(i.main) refers to tim.o(i.MX_TIM1_Init) for MX_TIM1_Init
    main.o(i.main) refers to cmsis_os2.o(i.osKernelInitialize) for osKernelInitialize
    main.o(i.main) refers to freertos.o(i.MX_FREERTOS_Init) for MX_FREERTOS_Init
    main.o(i.main) refers to cmsis_os2.o(i.osKernelStart) for osKernelStart
    gpio.o(i.MX_GPIO_Init) refers to stm32f1xx_hal_gpio.o(i.HAL_GPIO_WritePin) for HAL_GPIO_WritePin
    gpio.o(i.MX_GPIO_Init) refers to stm32f1xx_hal_gpio.o(i.HAL_GPIO_Init) for HAL_GPIO_Init
    freertos.o(i.Communication_Task) refers to uart_comm.o(i.UART_Comm_TaskProcess) for UART_Comm_TaskProcess
    freertos.o(i.Communication_Task) refers to cmsis_os2.o(i.osDelay) for osDelay
[...]
    HAL_UART_Init                            0x08003a4d   Thumb Code   100  stm32f1xx_hal_uart.o(i.HAL_UART_Init)
    HAL_UART_MspInit                         0x08003ab1   Thumb Code   572  usart.o(i.HAL_UART_MspInit)
    HAL_UART_RxCpltCallback                  0x08003d11   Thumb Code     2  stm32f1xx_hal_uart.o(i.HAL_UART_RxCpltCallback)
    HAL_UART_RxHalfCpltCallback              0x08003d13   Thumb Code     2  stm32f1xx_hal_uart.o(i.HAL_UART_RxHalfCpltCallback)
    HAL_UART_Transmit_DMA                    0x08003d15   Thumb Code   106  stm32f1xx_hal_uart.o(i.HAL_UART_Transmit_DMA)
    HAL_UART_TxCpltCallback                  0x08003d8d   Thumb Code    18  stm32f1xx_it.o(i.HAL_UART_TxCpltCallback)
    HAL_UART_TxHalfCpltCallback              0x08003d9f   Thumb Code     2  stm32f1xx_hal_uart.o(i.HAL_UART_TxHalfCpltCallback)
    HardFault_Handler                        0x08003da1   Thumb Code     2  stm32f1xx_it.o(i.HardFault_Handler)
    Logging_ErrorCallback                    0x08003da5   Thumb Code    94  log.o(i.Logging_ErrorCallback)
    Logging_Init                             0x08003e0d   Thumb Code    28  log.o(i.Logging_Init)
    Logging_Print                            0x08003e4b   Thumb Code    54  log.o(i.Logging_Print)
    Logging_Printf                           0x08003e81   Thumb Code    66  log.o(i.Logging_Printf)
    Logging_Task                             0x08003f5d   Thumb Code    16  freertos.o(i.Logging_Task)
    Logging_TaskProcess                      0x08003f6d   Thumb Code   122  log.o(i.Logging_TaskProcess)
    Logging_TxCpltCallback                   0x08004025   Thumb Code    28  log.o(i.Logging_TxCpltCallback)
    MX_ADC1_Init                             0x080040a9   Thumb Code   176  adc.o(i.MX_ADC1_Init)
    MX_DMA_Init                              0x08004161   Thumb Code   120  dma.o(i.MX_DMA_Init)
    MX_FREERTOS_Init                         0x080041dd   Thumb Code   148  freertos.o(i.MX_FREERTOS_Init)
    MX_GPIO_Init                             0x08004299   Thumb Code   130  gpio.o(i.MX_GPIO_Init)
    MX_TIM1_Init                             0x08004329   Thumb Code   168  tim.o(i.MX_TIM1_Init)
    MX_TIM4_Init                             0x080043d9   Thumb Code   152  tim.o(i.MX_TIM4_Init)
    MX_USART1_UART_Init                      0x08004479   Thumb Code    46  usart.o(i.MX_USART1_UART_Init)
    MX_USART2_UART_Init                      0x080044b5   Thumb Code    48  usart.o(i.MX_USART2_UART_Init)
    MX_USART3_UART_Init                      0x080044ed   Thumb Code    48  usart.o(i.MX_USART3_UART_Init)
    MemManage_Handler                        0x08004525   Thumb Code     2  stm32f1xx_it.o(i.MemManage_Handler)
    Motor_ClearFault                         0x08004559   Thumb Code     8  motor_control.o(i.Motor_ClearFault)
    Motor_GetDutyPercent                     0x08004581   Thumb Code    38  motor_control.o(i.Motor_GetDutyPercent)
    Motor_GetLevel                           0x080045ad   Thumb Code     6  motor_control.o(i.Motor_GetLevel)
    Motor_HasFault                           0x080045b9   Thumb Code     6  motor_control.o(i.Motor_HasFault)
    Motor_Init                               0x080045c5   Thumb Code    52  motor_control.o(i.Motor_Init)
    Motor_SetLevel                           0x08004601   Thumb Code    32  motor_control.o(i.Motor_SetLevel)
    Motor_Stop                               0x08004661   Thumb Code    18  motor_control.o(i.Motor_Stop)
    Motor_Task                               0x08004679   Thumb Code    12  freertos.o(i.Motor_Task)
    Motor_TaskProcess                        0x08004685   Thumb Code    90  motor_control.o(i.Motor_TaskProcess)
    NMI_Handler                              0x080046e5   Thumb Code     2  stm32f1xx_it.o(i.NMI_Handler)
    PumpValve_ClearFault                     0x08004731   Thumb Code     8  pump_valve.o(i.PumpValve_ClearFault)
    PumpValve_GetMode                        0x0800473d   Thumb Code     6  pump_valve.o(i.PumpValve_GetMode)
    PumpValve_HasFault                       0x08004749   Thumb Code     6  pump_valve.o(i.PumpValve_HasFault)
    PumpValve_Init                           0x08004755   Thumb Code    26  pump_valve.o(i.PumpValve_Init)
    PumpValve_SetMode                        0x08004775   Thumb Code    30  pump_valve.o(i.PumpValve_SetMode)
    PumpValve_TaskProcess                    0x08004799   Thumb Code    64  pump_valve.o(i.PumpValve_TaskProcess)
    Pump_Valve_Task                          0x080047e1   Thumb Code    12  freertos.o(i.Pump_Valve_Task)
    Sensor_GetBatteryDeciVolt                0x080048b1   Thumb Code     6  sensor.o(i.Sensor_GetBatteryDeciVolt)
    Sensor_GetMotorCurrentMa                 0x080048bd   Thumb Code     6  sensor.o(i.Sensor_GetMotorCurrentMa)
    Sensor_GetPumpCurrentMa                  0x080048c9   Thumb Code     6  sensor.o(i.Sensor_GetPumpCurrentMa)
    Sensor_GetTemperatureC                   0x080048d5   Thumb Code     6  sensor.o(i.Sensor_GetTemperatureC)
    Sensor_GetTemperatureCx10                0x080048e1   Thumb Code    30  sensor.o(i.Sensor_GetTemperatureCx10)
    Sensor_GetWaterLevelProtocol             0x0800490d   Thumb Code    28  sensor.o(i.Sensor_GetWaterLevelProtocol)
    Sensor_Init                              0x0800492d   Thumb Code    82  sensor.o(i.Sensor_Init)
    Sensor_IsTempSensorOk                    0x08004995   Thumb Code     8  sensor.o(i.Sensor_IsTempSensorOk)
    Sensor_IsWaterSensorOk                   0x080049a1   Thumb Code     8  sensor.o(i.Sensor_IsWaterSensorOk)
    Sensor_Task                              0x080049ad   Thumb Code    12  freertos.o(i.Sensor_Task)
    Sensor_TaskProcess                       0x080049b9   Thumb Code   262  sensor.o(i.Sensor_TaskProcess)
    SysTick_Handler                          0x08004ad5   Thumb Code    26  cmsis_os2.o(i.SysTick_Handler)
    SystemClock_Config                       0x08004aef   Thumb Code   120  main.o(i.SystemClock_Config)
    SystemInit                               0x08004b67   Thumb Code     2  system_stm32f1xx.o(i.SystemInit)
    SystemMonitor_ClearErrors                0x08004b69   Thumb Code    30  system_monitor.o(i.SystemMonitor_ClearErrors)
    SystemMonitor_GetCommand                 0x08004b8d   Thumb Code     6  system_monitor.o(i.SystemMonitor_GetCommand)
    SystemMonitor_GetErrCode1                0x08004b99   Thumb Code    10  system_monitor.o(i.SystemMonitor_GetErrCode1)
    SystemMonitor_GetErrCode2                0x08004ba9   Thumb Code    10  system_monitor.o(i.SystemMonitor_GetErrCode2)
    SystemMonitor_GetLinkStatus              0x08004bb9   Thumb Code     6  system_monitor.o(i.SystemMonitor_GetLinkStatus)
    SystemMonitor_GetMainStatus              0x08004bc5   Thumb Code     6  system_monitor.o(i.SystemMonitor_GetMainStatus)
    SystemMonitor_GetSubStatus               0x08004bd1   Thumb Code     6  system_monitor.o(i.SystemMonitor_GetSubStatus)
    SystemMonitor_GetTimerRemainingMin       0x08004bdd   Thumb Code    42  system_monitor.o(i.SystemMonitor_GetTimerRemainingMin)
    SystemMonitor_Init                       0x08004c0d   Thumb Code    26  system_monitor.o(i.SystemMonitor_Init)
    SystemMonitor_RequestReset               0x08004c2d   Thumb Code    16  system_monitor.o(i.SystemMonitor_RequestReset)
    SystemMonitor_SetBathTimer               0x08004c41   Thumb Code    52  system_monitor.o(i.SystemMonitor_SetBathTimer)
    SystemMonitor_SetCommand                 0x08004c8d   Thumb Code     6  system_monitor.o(i.SystemMonitor_SetCommand)
    SystemMonitor_SetLinkStatus              0x08004c99   Thumb Code    10  system_monitor.o(i.SystemMonitor_SetLinkStatus)
    SystemMonitor_SetMainStatus              0x08004ca9   Thumb Code     8  system_monitor.o(i.SystemMonitor_SetMainStatus)
    SystemMonitor_StopAllOutputs             0x08004cb5   Thumb Code    26  system_monitor.o(i.SystemMonitor_StopAllOutputs)
    SystemMonitor_TaskProcess                0x08004cd1   Thumb Code   250  system_monitor.o(i.SystemMonitor_TaskProcess)
    System_Monitor_Task                      0x08004ddd   Thumb Code    12  freertos.o(i.System_Monitor_Task)
    TIM2_IRQHandler                          0x08004de9   Thumb Code     6  stm32f1xx_it.o(i.TIM2_IRQHandler)
    TIM_Base_SetConfig                       0x08004df5   Thumb Code   108  stm32f1xx_hal_tim.o(i.TIM_Base_SetConfig)
    TIM_CCxChannelCmd                        0x08004e6d   Thumb Code    26  stm32f1xx_hal_tim.o(i.TIM_CCxChannelCmd)
    TIM_OC2_SetConfig                        0x08004ed9   Thumb Code    84  stm32f1xx_hal_tim.o(i.TIM_OC2_SetConfig)
    Temp_ClearFault                          0x08004fcd   Thumb Code     8  temp_control.o(i.Temp_ClearFault)
    Temp_Control_Task                        0x08004fd9   Thumb Code    12  freertos.o(i.Temp_Control_Task)
    Temp_Control_TaskProcess                 0x08004fe5   Thumb Code   160  temp_control.o(i.Temp_Control_TaskProcess)
    Temp_Enable                              0x08005095   Thumb Code    24  temp_control.o(i.Temp_Enable)
    Temp_HasFault                            0x080050b1   Thumb Code     6  temp_control.o(i.Temp_HasFault)
    Temp_Init                                0x080050bd   Thumb Code    20  temp_control.o(i.Temp_Init)
    Temp_IsEnabled                           0x080050d9   Thumb Code     6  temp_control.o(i.Temp_IsEnabled)
    Temp_SetTargetC                          0x08005111   Thumb Code    20  temp_control.o(i.Temp_SetTargetC)
    UART_Comm_BuildStatusFrame               0x08005131   Thumb Code   154  uart_comm.o(i.UART_Comm_BuildStatusFrame)
    UART_Comm_Checksum                       0x080051d5   Thumb Code    26  uart_comm.o(i.UART_Comm_Checksum)
    UART_Comm_ErrorCallback                  0x080051f1   Thumb Code    90  uart_comm.o(i.UART_Comm_ErrorCallback)
    UART_Comm_Init                           0x080052b5   Thumb Code   164  uart_comm.o(i.UART_Comm_Init)
    UART_Comm_IsBaseConnected                0x0800536d   Thumb Code    32  uart_comm.o(i.UART_Comm_IsBaseConnected)
    UART_Comm_IsFrameValid                   0x08005391   Thumb Code    38  uart_comm.o(i.UART_Comm_IsFrameValid)
    UART_Comm_RxEventCallback                0x08005615   Thumb Code    54  uart_comm.o(i.UART_Comm_RxEventCallback)
    UART_Comm_TaskProcess                    0x08005721   Thumb Code   122  uart_comm.o(i.UART_Comm_TaskProcess)
    UART_Comm_TxCpltCallback                 0x08005827   Thumb Code    36  uart_comm.o(i.UART_Comm_TxCpltCallback)
    UART_Start_Receive_DMA                   0x08005b79   Thumb Code   130  stm32f1xx_hal_uart.o(i.UART_Start_Receive_DMA)
    USART1_IRQHandler                        0x08005c09   Thumb Code     6  stm32f1xx_it.o(i.USART1_IRQHandler)
    USART2_IRQHandler                        0x08005c15   Thumb Code     6  stm32f1xx_it.o(i.USART2_IRQHandler)
    USART3_IRQHandler                        0x08005c21   Thumb Code     6  stm32f1xx_it.o(i.USART3_IRQHandler)
    UV_ClearFault                            0x08005c2d   Thumb Code     8  uv_lamp.o(i.UV_ClearFault)
    UV_HasFault                              0x08005c39   Thumb Code     6  uv_lamp.o(i.UV_HasFault)
    UV_Init                                  0x08005c45   Thumb Code    18  uv_lamp.o(i.UV_Init)
    UV_IsOn                                  0x08005c61   Thumb Code     6  uv_lamp.o(i.UV_IsOn)
    UV_Lamp_Task                             0x08005c6d   Thumb Code    16  freertos.o(i.UV_Lamp_Task)
    UV_Off                                   0x08005c7d   Thumb Code    16  uv_lamp.o(i.UV_Off)
    UV_On                                    0x08005c95   Thumb Code    16  uv_lamp.o(i.UV_On)
    UV_Set                                   0x08005cad   Thumb Code    10  uv_lamp.o(i.UV_Set)
    UV_TaskProcess                           0x08005cb9   Thumb Code    32  uv_lamp.o(i.UV_TaskProcess)
    UsageFault_Handler                       0x08005cdd   Thumb Code     2  stm32f1xx_it.o(i.UsageFault_Handler)
    __ARM_fpclassify                         0x08005cdf   Thumb Code    40  fpclassify.o(i.__ARM_fpclassify)
    __mathlib_flt_divzero                    0x08005d27   Thumb Code    10  funder.o(i.__mathlib_flt_divzero)
    __mathlib_flt_infnan                     0x08005d31   Thumb Code     6  funder.o(i.__mathlib_flt_infnan)
    __mathlib_flt_invalid                    0x08005d37   Thumb Code     8  funder.o(i.__mathlib_flt_invalid)
    _is_digit                                0x08005d3f   Thumb Code    14  __printf_wp.o(i._is_digit)
    _sys_exit                                0x08005d4d   Thumb Code     2  log.o(i._sys_exit)
    __mathlib_logf                           0x08005d51   Thumb Code     0  logf.o(i.logf)
    logf                                     0x08005d51   Thumb Code   362  logf.o(i.logf)
    main                                     0x08005ee1   Thumb Code    68  main.o(i.main)
    osDelay                                  0x08005f29   Thumb Code    26  cmsis_os2.o(i.osDelay)
    osKernelInitialize                       0x08005f45   Thumb Code    32  cmsis_os2.o(i.osKernelInitialize)
    osKernelStart                            0x08005f69   Thumb Code    48  cmsis_os2.o(i.osKernelStart)
    osThreadNew                              0x08005fa1   Thumb Code   138  cmsis_os2.o(i.osThreadNew)
    pvPortMalloc                             0x080067c1   Thumb Code   216  heap_4.o(i.pvPortMalloc)
    pxPortInitialiseStack                    0x0800689d   Thumb Code    32  port.o(i.pxPortInitialiseStack)
    uxListRemove                             0x080068c1   Thumb Code    38  list.o(i.uxListRemove)
    vApplicationGetIdleTaskMemory            0x080068e9   Thumb Code    16  cmsis_os2.o(i.vApplicationGetIdleTaskMemory)
    vApplicationGetTimerTaskMemory           0x080068fd   Thumb Code    18  cmsis_os2.o(i.vApplicationGetTimerTaskMemory)
    vListInitialise                          0x08006915   Thumb Code    22  list.o(i.vListInitialise)
    vListInitialiseItem                      0x0800692b   Thumb Code     6  list.o(i.vListInitialiseItem)
    vListInsert                              0x08006931   Thumb Code    48  list.o(i.vListInsert)
    vListInsertEnd                           0x08006961   Thumb Code    24  list.o(i.vListInsertEnd)
    vPortEnterCritical                       0x08006979   Thumb Code    54  port.o(i.vPortEnterCritical)
    vPortExitCritical                        0x080069b9   Thumb Code    34  port.o(i.vPortExitCritical)
    vPortFree                                0x080069e1   Thumb Code    94  heap_4.o(i.vPortFree)
    vPortSetupTimerInterrupt                 0x08006a45   Thumb Code    32  port.o(i.vPortSetupTimerInterrupt)
    vPortValidateInterruptPriority           0x08006a69   Thumb Code    74  port.o(i.vPortValidateInterruptPriority)
    vQueueAddToRegistry                      0x08006abd   Thumb Code    34  queue.o(i.vQueueAddToRegistry)
    vQueueWaitForMessageRestricted           0x08006ae5   Thumb Code    68  queue.o(i.vQueueWaitForMessageRestricted)
    vTaskDelay                               0x08006b29   Thumb Code    66  tasks.o(i.vTaskDelay)
    vTaskInternalSetTimeOutState             0x08006b75   Thumb Code    12  tasks.o(i.vTaskInternalSetTimeOutState)
    vTaskMissedYield                         0x08006b85   Thumb Code     8  tasks.o(i.vTaskMissedYield)
    vTaskPlaceOnEventList                    0x08006b91   Thumb Code    44  tasks.o(i.vTaskPlaceOnEventList)
    vTaskPlaceOnEventListRestricted          0x08006bc1   Thumb Code    52  tasks.o(i.vTaskPlaceOnEventListRestricted)
    vTaskStartScheduler                      0x08006bf9   Thumb Code   118  tasks.o(i.vTaskStartScheduler)
    vTaskSuspendAll                          0x08006c81   Thumb Code    10  tasks.o(i.vTaskSuspendAll)
    vTaskSwitchContext                       0x08006c91   Thumb Code    90  tasks.o(i.vTaskSwitchContext)
    xPortStartScheduler                      0x08006cf5   Thumb Code   154  port.o(i.xPortStartScheduler)
    xPortSysTickHandler                      0x08006d9d   Thumb Code    38  port.o(i.xPortSysTickHandler)
    xQueueGenericCreateStatic                0x08006dc9   Thumb Code   102  queue.o(i.xQueueGenericCreateStatic)
    xQueueGenericReset                       0x08006e31   Thumb Code   132  queue.o(i.xQueueGenericReset)
    xQueueGenericSend                        0x08006eb9   Thumb Code   346  queue.o(i.xQueueGenericSend)
    xQueueGenericSendFromISR                 0x08007019   Thumb Code   190  queue.o(i.xQueueGenericSendFromISR)
    xQueueReceive                            0x080070d9   Thumb Code   308  queue.o(i.xQueueReceive)
    xTaskCheckForTimeOut                     0x08007211   Thumb Code   112  tasks.o(i.xTaskCheckForTimeOut)
    xTaskCreate                              0x08007285   Thumb Code    90  tasks.o(i.xTaskCreate)
    xTaskCreateStatic                        0x080072df   Thumb Code    86  tasks.o(i.xTaskCreateStatic)
    xTaskGetSchedulerState                   0x08007335   Thumb Code    22  tasks.o(i.xTaskGetSchedulerState)
    xTaskGetTickCount                        0x08007351   Thumb Code     6  tasks.o(i.xTaskGetTickCount)
    xTaskIncrementTick                       0x0800735d   Thumb Code   192  tasks.o(i.xTaskIncrementTick)
    xTaskPriorityDisinherit                  0x08007425   Thumb Code   118  tasks.o(i.xTaskPriorityDisinherit)
    xTaskRemoveFromEventList                 0x080074a5   Thumb Code    98  tasks.o(i.xTaskRemoveFromEventList)
    xTaskResumeAll                           0x08007515   Thumb Code   182  tasks.o(i.xTaskResumeAll)
    xTimerCreateTimerTask                    0x080075d9   Thumb Code    78  timers.o(i.xTimerCreateTimerTask)
    xTimerGenericCommand                     0x08007639   Thumb Code    98  timers.o(i.xTimerGenericCommand)
    _get_lc_numeric                          0x080076a1   Thumb Code    44  lc_numeric_c.o(locale$$code)
    _get_lc_ctype                            0x080076cd   Thumb Code    44  lc_ctype_c.o(locale$$code)
    __aeabi_fadd                             0x080076f9   Thumb Code     0  faddsub_clz.o(x$fpl$fadd)
    _fadd                                    0x080076f9   Thumb Code   196  faddsub_clz.o(x$fpl$fadd)
    __fpl_fcheck_NaN1                        0x080077bd   Thumb Code     6  fcheck1.o(x$fpl$fcheck1)
    __fpl_fcmp_Inf                           0x080077c9   Thumb Code    24  fcmpi.o(x$fpl$fcmpinf)
    __aeabi_fdiv                             0x080077e1   Thumb Code     0  fdiv.o(x$fpl$fdiv)
    _fdiv                                    0x080077e1   Thumb Code   384  fdiv.o(x$fpl$fdiv)
    __aeabi_f2iz                             0x08007965   Thumb Code     0  ffix.o(x$fpl$ffix)
    _ffix                                    0x08007965   Thumb Code    54  ffix.o(x$fpl$ffix)
    __aeabi_f2uiz                            0x0800799d   Thumb Code     0  ffixu.o(x$fpl$ffixu)
    _ffixu                                   0x0800799d   Thumb Code    62  ffixu.o(x$fpl$ffixu)
    __aeabi_i2f                              0x080079dd   Thumb Code     0  fflt_clz.o(x$fpl$fflt)
    _fflt                                    0x080079dd   Thumb Code    48  fflt_clz.o(x$fpl$fflt)
    __aeabi_ui2f                             0x08007a0d   Thumb Code     0  fflt_clz.o(x$fpl$ffltu)
    _ffltu                                   0x08007a0d   Thumb Code    38  fflt_clz.o(x$fpl$ffltu)
    __aeabi_cfcmple                          0x08007a35   Thumb Code     0  fleqf.o(x$fpl$fleqf)
    _fcmple                                  0x08007a35   Thumb Code   104  fleqf.o(x$fpl$fleqf)
    __fpl_fcmple_InfNaN                      0x08007a87   Thumb Code     0  fleqf.o(x$fpl$fleqf)
    __aeabi_fmul                             0x08007a9d   Thumb Code     0  fmul.o(x$fpl$fmul)
    _fmul                                    0x08007a9d   Thumb Code   258  fmul.o(x$fpl$fmul)
    __fpl_fnaninf                            0x08007b9f   Thumb Code   140  fnaninf.o(x$fpl$fnaninf)
    __fpl_fretinf                            0x08007c2b   Thumb Code    10  fretinf.o(x$fpl$fretinf)
    __aeabi_cfrcmple                         0x08007c35   Thumb Code     0  frleqf.o(x$fpl$frleqf)
    _frcmple                                 0x08007c35   Thumb Code    98  frleqf.o(x$fpl$frleqf)
    __aeabi_fsub                             0x08007c99   Thumb Code     0  faddsub_clz.o(x$fpl$fsub)
    _fsub                                    0x08007c99   Thumb Code   234  faddsub_clz.o(x$fpl$fsub)
    _printf_fp_dec                           0x08007d83   Thumb Code     4  printf1.o(x$fpl$printf1)
    _printf_fp_hex                           0x08007d87   Thumb Code     4  printf2.o(x$fpl$printf2)
    __fpl_return_NaN                         0x08007d8b   Thumb Code   100  retnan.o(x$fpl$retnan)
    __ARM_scalbnf                            0x08007def   Thumb Code    76  scalbnf.o(x$fpl$scalbnf)
    __fpl_cmpreturn                          0x08007e3b   Thumb Code    48  trapv.o(x$fpl$trapveneer)
    __I$use$fp                               0x08007e6a   Number         0  usenofp.o(x$fpl$usenofp)
    Task1_attributes                         0x08007e6c   Data          36  freertos.o(.constdata)
    Task2_attributes                         0x08007e90   Data          36  freertos.o(.constdata)
    Task3_attributes                         0x08007eb4   Data          36  freertos.o(.constdata)
    Task4_attributes                         0x08007ed8   Data          36  freertos.o(.constdata)
    Task5_attributes                         0x08007efc   Data          36  freertos.o(.constdata)
    Task6_attributes                         0x08007f20   Data          36  freertos.o(.constdata)
    Task7_attributes                         0x08007f44   Data          36  freertos.o(.constdata)
    Task8_attributes                         0x08007f68   Data          36  freertos.o(.constdata)
    AHBPrescTable                            0x08007fb0   Data          16  system_stm32f1xx.o(.constdata)
    APBPrescTable                            0x08007fc0   Data           8  system_stm32f1xx.o(.constdata)
    Region$$Table$$Base                      0x08008144   Number         0  anon$$obj.o(Region$$Table)
    Region$$Table$$Limit                     0x08008164   Number         0  anon$$obj.o(Region$$Table)
    __ctype                                  0x0800818d   Data           0  lc_ctype_c.o(locale$$data)
    Task1Handle                              0x20000000   Data           4  freertos.o(.data)
    Task2Handle                              0x20000004   Data           4  freertos.o(.data)
    Task3Handle                              0x20000008   Data           4  freertos.o(.data)
    Task4Handle                              0x2000000c   Data           4  freertos.o(.data)
    Task5Handle                              0x20000010   Data           4  freertos.o(.data)
    Task6Handle                              0x20000014   Data           4  freertos.o(.data)
    Task7Handle                              0x20000018   Data           4  freertos.o(.data)
    Task8Handle                              0x2000001c   Data           4  freertos.o(.data)
    uwTickFreq                               0x20000020   Data           1  stm32f1xx_hal.o(.data)
    uwTickPrio                               0x20000024   Data           4  stm32f1xx_hal.o(.data)
    uwTick                                   0x20000028   Data           4  stm32f1xx_hal.o(.data)
    SystemCoreClock                          0x2000002c   Data           4  system_stm32f1xx.o(.data)
    pxCurrentTCB                             0x20000030   Data           4  tasks.o(.data)
    hadc1                                    0x20000104   Data          48  adc.o(.bss)
    hdma_adc1                                0x20000134   Data          68  adc.o(.bss)
    htim1                                    0x20000178   Data          72  tim.o(.bss)
    htim4                                    0x200001c0   Data          72  tim.o(.bss)
    huart1                                   0x20000208   Data          72  usart.o(.bss)
    huart2                                   0x20000250   Data          72  usart.o(.bss)
    huart3                                   0x20000298   Data          72  usart.o(.bss)
    hdma_usart1_rx                           0x200002e0   Data          68  usart.o(.bss)
    hdma_usart1_tx                           0x20000324   Data          68  usart.o(.bss)
    hdma_usart2_tx                           0x20000368   Data          68  usart.o(.bss)
    hdma_usart2_rx                           0x200003ac   Data          68  usart.o(.bss)
    hdma_usart3_tx                           0x200003f0   Data          68  usart.o(.bss)
    htim2                                    0x20000434   Data          72  stm32f1xx_hal_timebase_tim.o(.bss)
    xQueueRegistry                           0x2000047c   Data          64  queue.o(.bss)
    __libspace_start                         0x20003df4   Data          96  libspace.o(.bss)
    __temporary_stack_top$libspace           0x20003e54   Data           0  libspace.o(.bss)



==============================================================================

Memory Map of the image

  Image Entry point : 0x080000ed

  Load Region LR_IROM1 (Base: 0x08000000, Size: 0x00008394, Max: 0x00010000, ABSOLUTE)

    Execution Region ER_IROM1 (Exec base: 0x08000000, Load base: 0x08000000, Size: 0x00008290, Max: 0x00010000, ABSOLUTE)

    Exec Addr    Load Addr    Size         Type   Attr      Idx    E Section Name        Object

    0x08000000   0x08000000   0x000000ec   Data   RO            3    RESET               startup_stm32f103xb.o
    0x080000ec   0x080000ec   0x00000008   Code   RO         6115  * !!!main             c_w.l(__main.o)
    0x080000f4   0x080000f4   0x00000034   Code   RO         6511    !!!scatter          c_w.l(__scatter.o)
    0x08000128   0x08000128   0x0000001a   Code   RO         6513    !!handler_copy      c_w.l(__scatter_copy.o)
    0x08000142   0x08000142   0x00000002   PAD
    0x08000144   0x08000144   0x0000001c   Code   RO         6515    !!handler_zi        c_w.l(__scatter_zi.o)
    0x08000160   0x08000160   0x00000000   Code   RO         6245    .ARM.Collect$$_printf_percent$$00000000  c_w.l(_printf_percent.o)
    0x08000160   0x08000160   0x00000006   Code   RO         6234    .ARM.Collect$$_printf_percent$$00000001  c_w.l(_printf_n.o)
    0x08000166   0x08000166   0x00000006   Code   RO         6236    .ARM.Collect$$_printf_percent$$00000002  c_w.l(_printf_p.o)
    0x0800016c   0x0800016c   0x00000006   Code   RO         6241    .ARM.Collect$$_printf_percent$$00000003  c_w.l(_printf_f.o)
    0x08000172   0x08000172   0x00000006   Code   RO         6242    .ARM.Collect$$_printf_percent$$00000004  c_w.l(_printf_e.o)
    0x08000178   0x08000178   0x00000006   Code   RO         6243    .ARM.Collect$$_printf_percent$$00000005  c_w.l(_printf_g.o)
    0x0800017e   0x0800017e   0x00000006   Code   RO         6244    .ARM.Collect$$_printf_percent$$00000006  c_w.l(_printf_a.o)
    0x08000184   0x08000184   0x0000000a   Code   RO         6249    .ARM.Collect$$_printf_percent$$00000007  c_w.l(_printf_ll.o)
    0x0800018e   0x0800018e   0x00000006   Code   RO         6238    .ARM.Collect$$_printf_percent$$00000008  c_w.l(_printf_i.o)
    0x08000194   0x08000194   0x00000006   Code   RO         6239    .ARM.Collect$$_printf_percent$$00000009  c_w.l(_printf_d.o)
    0x0800019a   0x0800019a   0x00000006   Code   RO         6240    .ARM.Collect$$_printf_percent$$0000000A  c_w.l(_printf_u.o)
    0x080001a0   0x080001a0   0x00000006   Code   RO         6237    .ARM.Collect$$_printf_percent$$0000000B  c_w.l(_printf_o.o)
    0x080001a6   0x080001a6   0x00000006   Code   RO         6235    .ARM.Collect$$_printf_percent$$0000000C  c_w.l(_printf_x.o)
    0x080001ac   0x080001ac   0x00000006   Code   RO         6246    .ARM.Collect$$_printf_percent$$0000000D  c_w.l(_printf_lli.o)
    0x080001b2   0x080001b2   0x00000006   Code   RO         6247    .ARM.Collect$$_printf_percent$$0000000E  c_w.l(_printf_lld.o)
    0x080001b8   0x080001b8   0x00000006   Code   RO         6248    .ARM.Collect$$_printf_percent$$0000000F  c_w.l(_printf_llu.o)
    0x080001be   0x080001be   0x00000006   Code   RO         6253    .ARM.Collect$$_printf_percent$$00000010  c_w.l(_printf_llo.o)
    0x080001c4   0x080001c4   0x00000006   Code   RO         6254    .ARM.Collect$$_printf_percent$$00000011  c_w.l(_printf_llx.o)
    0x080001ca   0x080001ca   0x0000000a   Code   RO         6250    .ARM.Collect$$_printf_percent$$00000012  c_w.l(_printf_l.o)
    0x080001d4   0x080001d4   0x00000006   Code   RO         6232    .ARM.Collect$$_printf_percent$$00000013  c_w.l(_printf_c.o)
    0x080001da   0x080001da   0x00000006   Code   RO         6233    .ARM.Collect$$_printf_percent$$00000014  c_w.l(_printf_s.o)
    0x080001e0   0x080001e0   0x00000006   Code   RO         6251    .ARM.Collect$$_printf_percent$$00000015  c_w.l(_printf_lc.o)
    0x080001e6   0x080001e6   0x00000006   Code   RO         6252    .ARM.Collect$$_printf_percent$$00000016  c_w.l(_printf_ls.o)
    0x080001ec   0x080001ec   0x00000004   Code   RO         6321    .ARM.Collect$$_printf_percent$$00000017  c_w.l(_printf_percent_end.o)
    0x080001f0   0x080001f0   0x00000002   Code   RO         6375    .ARM.Collect$$libinit$$00000000  c_w.l(libinit.o)
    0x080001f2   0x080001f2   0x00000000   Code   RO         6390    .ARM.Collect$$libinit$$00000002  c_w.l(libinit2.o)
    0x080001f2   0x080001f2   0x00000000   Code   RO         6392    .ARM.Collect$$libinit$$00000004  c_w.l(libinit2.o)
    0x080001f2   0x080001f2   0x00000000   Code   RO         6395    .ARM.Collect$$libinit$$0000000A  c_w.l(libinit2.o)
    0x080001f2   0x080001f2   0x00000000   Code   RO         6397    .ARM.Collect$$libinit$$0000000C  c_w.l(libinit2.o)
    0x080001f2   0x080001f2   0x00000000   Code   RO         6399    .ARM.Collect$$libinit$$0000000E  c_w.l(libinit2.o)
    0x080001f2   0x080001f2   0x00000006   Code   RO         6400    .ARM.Collect$$libinit$$0000000F  c_w.l(libinit2.o)
    0x080001f8   0x080001f8   0x00000000   Code   RO         6402    .ARM.Collect$$libinit$$00000011  c_w.l(libinit2.o)
    0x080001f8   0x080001f8   0x0000000c   Code   RO         6403    .ARM.Collect$$libinit$$00000012  c_w.l(libinit2.o)
    0x08000204   0x08000204   0x00000000   Code   RO         6404    .ARM.Collect$$libinit$$00000013  c_w.l(libinit2.o)
    0x08000204   0x08000204   0x00000000   Code   RO         6406    .ARM.Collect$$libinit$$00000015  c_w.l(libinit2.o)
    0x08000204   0x08000204   0x0000000a   Code   RO         6407    .ARM.Collect$$libinit$$00000016  c_w.l(libinit2.o)
    0x0800020e   0x0800020e   0x00000000   Code   RO         6408    .ARM.Collect$$libinit$$00000017  c_w.l(libinit2.o)
    0x0800020e   0x0800020e   0x00000000   Code   RO         6410    .ARM.Collect$$libinit$$00000019  c_w.l(libinit2.o)
    0x0800020e   0x0800020e   0x00000000   Code   RO         6412    .ARM.Collect$$libinit$$0000001B  c_w.l(libinit2.o)
    0x0800020e   0x0800020e   0x00000000   Code   RO         6414    .ARM.Collect$$libinit$$0000001D  c_w.l(libinit2.o)
    0x0800020e   0x0800020e   0x00000000   Code   RO         6416    .ARM.Collect$$libinit$$0000001F  c_w.l(libinit2.o)
    0x0800020e   0x0800020e   0x00000000   Code   RO         6418    .ARM.Collect$$libinit$$00000021  c_w.l(libinit2.o)
    0x0800020e   0x0800020e   0x00000000   Code   RO         6420    .ARM.Collect$$libinit$$00000023  c_w.l(libinit2.o)
    0x0800020e   0x0800020e   0x00000000   Code   RO         6422    .ARM.Collect$$libinit$$00000025  c_w.l(libinit2.o)
    0x0800020e   0x0800020e   0x00000000   Code   RO         6426    .ARM.Collect$$libinit$$0000002C  c_w.l(libinit2.o)
    0x0800020e   0x0800020e   0x00000000   Code   RO         6428    .ARM.Collect$$libinit$$0000002E  c_w.l(libinit2.o)
    0x0800020e   0x0800020e   0x00000000   Code   RO         6430    .ARM.Collect$$libinit$$00000030  c_w.l(libinit2.o)
    0x0800020e   0x0800020e   0x00000000   Code   RO         6432    .ARM.Collect$$libinit$$00000032  c_w.l(libinit2.o)
    0x0800020e   0x0800020e   0x00000002   Code   RO         6433    .ARM.Collect$$libinit$$00000033  c_w.l(libinit2.o)
    0x08000210   0x08000210   0x00000002   Code   RO         6453    .ARM.Collect$$libshutdown$$00000000  c_w.l(libshutdown.o)
    0x08000212   0x08000212   0x00000000   Code   RO         6463    .ARM.Collect$$libshutdown$$00000002  c_w.l(libshutdown2.o)
    0x08000212   0x08000212   0x00000000   Code   RO         6465    .ARM.Collect$$libshutdown$$00000004  c_w.l(libshutdown2.o)
    0x08000212   0x08000212   0x00000000   Code   RO         6468    .ARM.Collect$$libshutdown$$00000007  c_w.l(libshutdown2.o)
    0x08000212   0x08000212   0x00000000   Code   RO         6471    .ARM.Collect$$libshutdown$$0000000A  c_w.l(libshutdown2.o)
    0x08000212   0x08000212   0x00000000   Code   RO         6473    .ARM.Collect$$libshutdown$$0000000C  c_w.l(libshutdown2.o)
    0x08000212   0x08000212   0x00000000   Code   RO         6476    .ARM.Collect$$libshutdown$$0000000F  c_w.l(libshutdown2.o)
    0x08000212   0x08000212   0x00000002   Code   RO         6477    .ARM.Collect$$libshutdown$$00000010  c_w.l(libshutdown2.o)
    0x08000214   0x08000214   0x00000000   Code   RO         6159    .ARM.Collect$$rtentry$$00000000  c_w.l(__rtentry.o)
    0x08000214   0x08000214   0x00000000   Code   RO         6287    .ARM.Collect$$rtentry$$00000002  c_w.l(__rtentry2.o)
    0x08000214   0x08000214   0x00000006   Code   RO         6299    .ARM.Collect$$rtentry$$00000004  c_w.l(__rtentry4.o)
    0x0800021a   0x0800021a   0x00000000   Code   RO         6289    .ARM.Collect$$rtentry$$00000009  c_w.l(__rtentry2.o)
    0x0800021a   0x0800021a   0x00000004   Code   RO         6290    .ARM.Collect$$rtentry$$0000000A  c_w.l(__rtentry2.o)
    0x0800021e   0x0800021e   0x00000000   Code   RO         6292    .ARM.Collect$$rtentry$$0000000C  c_w.l(__rtentry2.o)
    0x0800021e   0x0800021e   0x00000008   Code   RO         6293    .ARM.Collect$$rtentry$$0000000D  c_w.l(__rtentry2.o)
    0x08000226   0x08000226   0x00000002   Code   RO         6382    .ARM.Collect$$rtexit$$00000000  c_w.l(rtexit.o)
    0x08000228   0x08000228   0x00000000   Code   RO         6437    .ARM.Collect$$rtexit$$00000002  c_w.l(rtexit2.o)
    0x08000228   0x08000228   0x00000004   Code   RO         6438    .ARM.Collect$$rtexit$$00000003  c_w.l(rtexit2.o)
    0x0800022c   0x0800022c   0x00000006   Code   RO         6439    .ARM.Collect$$rtexit$$00000004  c_w.l(rtexit2.o)
    0x08000232   0x08000232   0x00000002   PAD
    0x08000234   0x08000234   0x00000096   Code   RO         5053    .emb_text           port.o
    0x080002ca   0x080002ca   0x00000002   PAD
    0x080002cc   0x080002cc   0x00000040   Code   RO            4    .text               startup_stm32f103xb.o
    0x0800030c   0x0800030c   0x00000002   Code   RO         6093    .text               c_w.l(use_no_semi_2.o)
    0x0800030e   0x0800030e   0x00000002   PAD
    0x08000310   0x08000310   0x00000034   Code   RO         6097    .text               c_w.l(vsnprintf.o)
    0x08000344   0x08000344   0x0000003e   Code   RO         6099    .text               c_w.l(strlen.o)
    0x08000382   0x08000382   0x0000008a   Code   RO         6101    .text               c_w.l(rt_memcpy_v6.o)
    0x0800040c   0x0800040c   0x00000064   Code   RO         6103    .text               c_w.l(rt_memcpy_w.o)
    0x08000470   0x08000470   0x00000010   Code   RO         6107    .text               c_w.l(aeabi_memset.o)
    0x08000480   0x08000480   0x00000044   Code   RO         6109    .text               c_w.l(rt_memclr.o)
    0x080004c4   0x080004c4   0x0000004e   Code   RO         6111    .text               c_w.l(rt_memclr_w.o)
    0x08000512   0x08000512   0x00000006   Code   RO         6113    .text               c_w.l(heapauxi.o)
    0x08000518   0x08000518   0x00000002   Code   RO         6157    .text               c_w.l(use_no_semi.o)
    0x0800051a   0x0800051a   0x00000016   Code   RO         6160    .text               c_w.l(_rserrno.o)
    0x08000530   0x08000530   0x0000004e   Code   RO         6164    .text               c_w.l(_printf_pad.o)
    0x0800057e   0x0800057e   0x00000024   Code   RO         6166    .text               c_w.l(_printf_truncate.o)
    0x080005a2   0x080005a2   0x00000052   Code   RO         6168    .text               c_w.l(_printf_str.o)
    0x080005f4   0x080005f4   0x00000078   Code   RO         6170    .text               c_w.l(_printf_dec.o)
    0x0800066c   0x0800066c   0x00000028   Code   RO         6172    .text               c_w.l(_printf_charcount.o)
    0x08000694   0x08000694   0x00000030   Code   RO         6174    .text               c_w.l(_printf_char_common.o)
    0x080006c4   0x080006c4   0x0000000a   Code   RO         6176    .text               c_w.l(_sputc.o)
    0x080006ce   0x080006ce   0x00000010   Code   RO         6178    .text               c_w.l(_snputc.o)
    0x080006de   0x080006de   0x00000002   PAD
    0x080006e0   0x080006e0   0x000000bc   Code   RO         6180    .text               c_w.l(_printf_wctomb.o)
    0x0800079c   0x0800079c   0x0000007c   Code   RO         6183    .text               c_w.l(_printf_longlong_dec.o)
    0x08000818   0x08000818   0x00000070   Code   RO         6189    .text               c_w.l(_printf_oct_int_ll.o)
    0x08000888   0x08000888   0x00000094   Code   RO         6209    .text               c_w.l(_printf_hex_int_ll_ptr.o)
    0x0800091c   0x0800091c   0x00000188   Code   RO         6229    .text               c_w.l(__printf_flags_ss_wp.o)
    0x08000aa4   0x08000aa4   0x00000008   Code   RO         6304    .text               c_w.l(rt_errno_addr_intlibspace.o)
    0x08000aac   0x08000aac   0x0000008a   Code   RO         6306    .text               c_w.l(lludiv10.o)
    0x08000b36   0x08000b36   0x000000b2   Code   RO         6308    .text               c_w.l(_printf_intcommon.o)
    0x08000be8   0x08000be8   0x0000041e   Code   RO         6310    .text               c_w.l(_printf_fp_dec.o)
    0x08001006   0x08001006   0x00000002   PAD
    0x08001008   0x08001008   0x000002fc   Code   RO         6312    .text               c_w.l(_printf_fp_hex.o)
    0x08001304   0x08001304   0x0000002c   Code   RO         6317    .text               c_w.l(_printf_char.o)
    0x08001330   0x08001330   0x0000002c   Code   RO         6319    .text               c_w.l(_printf_wchar.o)
    0x0800135c   0x0800135c   0x00000040   Code   RO         6322    .text               c_w.l(_wcrtomb.o)
    0x0800139c   0x0800139c   0x00000008   Code   RO         6326    .text               c_w.l(libspace.o)
    0x080013a4   0x080013a4   0x0000004a   Code   RO         6329    .text               c_w.l(sys_stackheap_outer.o)
    0x080013ee   0x080013ee   0x00000002   PAD
    0x080013f0   0x080013f0   0x00000010   Code   RO         6331    .text               c_w.l(rt_ctype_table.o)
    0x08001400   0x08001400   0x00000008   Code   RO         6336    .text               c_w.l(rt_locale_intlibspace.o)
    0x08001408   0x08001408   0x00000080   Code   RO         6338    .text               c_w.l(_printf_fp_infnan.o)
    0x08001488   0x08001488   0x000000e4   Code   RO         6340    .text               c_w.l(bigflt0.o)
    0x0800156c   0x0800156c   0x00000012   Code   RO         6368    .text               c_w.l(exit.o)
    0x0800157e   0x0800157e   0x00000002   PAD
    0x08001580   0x08001580   0x00000080   Code   RO         6387    .text               c_w.l(strcmpv7m.o)
    0x08001600   0x08001600   0x0000003e   Code   RO         6343    CL$$btod_d2e        c_w.l(btod.o)
    0x0800163e   0x0800163e   0x00000046   Code   RO         6345    CL$$btod_d2e_denorm_low  c_w.l(btod.o)
    0x08001684   0x08001684   0x00000060   Code   RO         6344    CL$$btod_d2e_norm_op1  c_w.l(btod.o)
    0x080016e4   0x080016e4   0x00000338   Code   RO         6353    CL$$btod_div_common  c_w.l(btod.o)
    0x08001a1c   0x08001a1c   0x000000dc   Code   RO         6350    CL$$btod_e2e        c_w.l(btod.o)
    0x08001af8   0x08001af8   0x0000002a   Code   RO         6347    CL$$btod_ediv       c_w.l(btod.o)
    0x08001b22   0x08001b22   0x0000002a   Code   RO         6346    CL$$btod_emul       c_w.l(btod.o)
    0x08001b4c   0x08001b4c   0x00000244   Code   RO         6352    CL$$btod_mult_common  c_w.l(btod.o)
    0x08001d90   0x08001d90   0x0000000c   Code   RO          507    i.ADC1_2_IRQHandler  stm32f1xx_it.o
    0x08001d9c   0x08001d9c   0x00000056   Code   RO         1721    i.ADC_ConversionStop_Disable  stm32f1xx_hal_adc.o
    0x08001df2   0x08001df2   0x0000004e   Code   RO         1722    i.ADC_DMAConvCplt   stm32f1xx_hal_adc.o
    0x08001e40   0x08001e40   0x0000001a   Code   RO         1723    i.ADC_DMAError      stm32f1xx_hal_adc.o
    0x08001e5a   0x08001e5a   0x0000000a   Code   RO         1724    i.ADC_DMAHalfConvCplt  stm32f1xx_hal_adc.o
    0x08001e64   0x08001e64   0x0000007c   Code   RO         1725    i.ADC_Enable        stm32f1xx_hal_adc.o
    0x08001ee0   0x08001ee0   0x00000002   Code   RO          508    i.BusFault_Handler  stm32f1xx_it.o
    0x08001ee2   0x08001ee2   0x0000000c   Code   RO          224    i.Communication_Task  freertos.o
    0x08001eee   0x08001eee   0x00000002   PAD
    0x08001ef0   0x08001ef0   0x0000000c   Code   RO          509    i.DMA1_Channel1_IRQHandler  stm32f1xx_it.o
    0x08001efc   0x08001efc   0x0000000c   Code   RO          510    i.DMA1_Channel2_IRQHandler  stm32f1xx_it.o
    0x08001f08   0x08001f08   0x0000000c   Code   RO          511    i.DMA1_Channel4_IRQHandler  stm32f1xx_it.o
    0x08001f14   0x08001f14   0x0000000c   Code   RO          512    i.DMA1_Channel5_IRQHandler  stm32f1xx_it.o
    0x08001f20   0x08001f20   0x0000000c   Code   RO          513    i.DMA1_Channel6_IRQHandler  stm32f1xx_it.o
    0x08001f2c   0x08001f2c   0x0000000c   Code   RO          514    i.DMA1_Channel7_IRQHandler  stm32f1xx_it.o
    0x08001f38   0x08001f38   0x0000002a   Code   RO         2377    i.DMA_SetConfig     stm32f1xx_hal_dma.o
    0x08001f62   0x08001f62   0x00000002   Code   RO          515    i.DebugMon_Handler  stm32f1xx_it.o
    0x08001f64   0x08001f64   0x00000004   Code   RO           13    i.Error_Handler     main.o
    0x08001f68   0x08001f68   0x000000d8   Code   RO         1901    i.HAL_ADCEx_Calibration_Start  stm32f1xx_hal_adc_ex.o
    0x08002040   0x08002040   0x00000002   Code   RO         1903    i.HAL_ADCEx_InjectedConvCpltCallback  stm32f1xx_hal_adc_ex.o
    0x08002042   0x08002042   0x00000002   PAD
    0x08002044   0x08002044   0x000000fc   Code   RO         1727    i.HAL_ADC_ConfigChannel  stm32f1xx_hal_adc.o
    0x08002140   0x08002140   0x00000002   Code   RO         1728    i.HAL_ADC_ConvCpltCallback  stm32f1xx_hal_adc.o
    0x08002142   0x08002142   0x00000002   Code   RO         1729    i.HAL_ADC_ConvHalfCpltCallback  stm32f1xx_hal_adc.o
    0x08002144   0x08002144   0x00000002   Code   RO         1731    i.HAL_ADC_ErrorCallback  stm32f1xx_hal_adc.o
    0x08002146   0x08002146   0x000000dc   Code   RO         1735    i.HAL_ADC_IRQHandler  stm32f1xx_hal_adc.o
    0x08002222   0x08002222   0x00000002   PAD
    0x08002224   0x08002224   0x0000011c   Code   RO         1736    i.HAL_ADC_Init      stm32f1xx_hal_adc.o
    0x08002340   0x08002340   0x00000002   Code   RO         1737    i.HAL_ADC_LevelOutOfWindowCallback  stm32f1xx_hal_adc.o
    0x08002342   0x08002342   0x00000002   PAD
    0x08002344   0x08002344   0x000000c0   Code   RO          334    i.HAL_ADC_MspInit   adc.o
    0x08002404   0x08002404   0x0000010c   Code   RO         1743    i.HAL_ADC_Start_DMA  stm32f1xx_hal_adc.o
    0x08002510   0x08002510   0x00000046   Code   RO         2378    i.HAL_DMA_Abort     stm32f1xx_hal_dma.o
    0x08002556   0x08002556   0x00000002   PAD
    0x08002558   0x08002558   0x00000098   Code   RO         2379    i.HAL_DMA_Abort_IT  stm32f1xx_hal_dma.o
    0x080025f0   0x080025f0   0x00000154   Code   RO         2383    i.HAL_DMA_IRQHandler  stm32f1xx_hal_dma.o
    0x08002744   0x08002744   0x0000005c   Code   RO         2384    i.HAL_DMA_Init      stm32f1xx_hal_dma.o
    0x080027a0   0x080027a0   0x00000070   Code   RO         2388    i.HAL_DMA_Start_IT  stm32f1xx_hal_dma.o
    0x08002810   0x08002810   0x000001e0   Code   RO         2314    i.HAL_GPIO_Init     stm32f1xx_hal_gpio.o
    0x080029f0   0x080029f0   0x0000000a   Code   RO         2318    i.HAL_GPIO_WritePin  stm32f1xx_hal_gpio.o
    0x080029fa   0x080029fa   0x00000002   PAD
    0x080029fc   0x080029fc   0x0000000c   Code   RO         2008    i.HAL_GetTick       stm32f1xx_hal.o
    0x08002a08   0x08002a08   0x00000010   Code   RO         2014    i.HAL_IncTick       stm32f1xx_hal.o
    0x08002a18   0x08002a18   0x00000024   Code   RO         2015    i.HAL_Init          stm32f1xx_hal.o
    0x08002a3c   0x08002a3c   0x00000098   Code   RO          673    i.HAL_InitTick      stm32f1xx_hal_timebase_tim.o
    0x08002ad4   0x08002ad4   0x00000048   Code   RO          649    i.HAL_MspInit       stm32f1xx_hal_msp.o
    0x08002b1c   0x08002b1c   0x0000001a   Code   RO         2474    i.HAL_NVIC_EnableIRQ  stm32f1xx_hal_cortex.o
    0x08002b36   0x08002b36   0x00000002   PAD
    0x08002b38   0x08002b38   0x00000040   Code   RO         2480    i.HAL_NVIC_SetPriority  stm32f1xx_hal_cortex.o
    0x08002b78   0x08002b78   0x00000024   Code   RO         2481    i.HAL_NVIC_SetPriorityGrouping  stm32f1xx_hal_cortex.o
    0x08002b9c   0x08002b9c   0x000000a4   Code   RO         2275    i.HAL_RCCEx_GetPeriphCLKFreq  stm32f1xx_hal_rcc_ex.o
    0x08002c40   0x08002c40   0x000000ec   Code   RO         2276    i.HAL_RCCEx_PeriphCLKConfig  stm32f1xx_hal_rcc_ex.o
    0x08002d2c   0x08002d2c   0x0000012c   Code   RO         2172    i.HAL_RCC_ClockConfig  stm32f1xx_hal_rcc.o
    0x08002e58   0x08002e58   0x00000040   Code   RO         2176    i.HAL_RCC_GetClockConfig  stm32f1xx_hal_rcc.o
    0x08002e98   0x08002e98   0x00000020   Code   RO         2179    i.HAL_RCC_GetPCLK1Freq  stm32f1xx_hal_rcc.o
    0x08002eb8   0x08002eb8   0x00000020   Code   RO         2180    i.HAL_RCC_GetPCLK2Freq  stm32f1xx_hal_rcc.o
    0x08002ed8   0x08002ed8   0x0000004c   Code   RO         2181    i.HAL_RCC_GetSysClockFreq  stm32f1xx_hal_rcc.o
    0x08002f24   0x08002f24   0x00000320   Code   RO         2184    i.HAL_RCC_OscConfig  stm32f1xx_hal_rcc.o
    0x08003244   0x08003244   0x00000002   Code   RO         1454    i.HAL_TIMEx_BreakCallback  stm32f1xx_hal_tim_ex.o
    0x08003246   0x08003246   0x00000002   Code   RO         1455    i.HAL_TIMEx_CommutCallback  stm32f1xx_hal_tim_ex.o
    0x08003248   0x08003248   0x00000054   Code   RO         1457    i.HAL_TIMEx_ConfigBreakDeadTime  stm32f1xx_hal_tim_ex.o
    0x0800329c   0x0800329c   0x00000068   Code   RO         1473    i.HAL_TIMEx_MasterConfigSynchronization  stm32f1xx_hal_tim_ex.o
    0x08003304   0x08003304   0x0000005a   Code   RO          750    i.HAL_TIM_Base_Init  stm32f1xx_hal_tim.o
    0x0800335e   0x0800335e   0x00000002   Code   RO          752    i.HAL_TIM_Base_MspInit  stm32f1xx_hal_tim.o
    0x08003360   0x08003360   0x00000058   Code   RO          755    i.HAL_TIM_Base_Start_IT  stm32f1xx_hal_tim.o
    0x080033b8   0x080033b8   0x00000002   Code   RO          784    i.HAL_TIM_IC_CaptureCallback  stm32f1xx_hal_tim.o
    0x080033ba   0x080033ba   0x00000130   Code   RO          798    i.HAL_TIM_IRQHandler  stm32f1xx_hal_tim.o
    0x080034ea   0x080034ea   0x00000002   PAD
    0x080034ec   0x080034ec   0x0000007c   Code   RO          399    i.HAL_TIM_MspPostInit  tim.o
    0x08003568   0x08003568   0x00000002   Code   RO          801    i.HAL_TIM_OC_DelayElapsedCallback  stm32f1xx_hal_tim.o
    0x0800356a   0x0800356a   0x000000cc   Code   RO          822    i.HAL_TIM_PWM_ConfigChannel  stm32f1xx_hal_tim.o
    0x08003636   0x08003636   0x0000005a   Code   RO          825    i.HAL_TIM_PWM_Init  stm32f1xx_hal_tim.o
    0x08003690   0x08003690   0x00000040   Code   RO          401    i.HAL_TIM_PWM_MspInit  tim.o
    0x080036d0   0x080036d0   0x00000002   Code   RO          828    i.HAL_TIM_PWM_PulseFinishedCallback  stm32f1xx_hal_tim.o
    0x080036d2   0x080036d2   0x00000002   PAD
    0x080036d4   0x080036d4   0x0000009c   Code   RO          830    i.HAL_TIM_PWM_Start  stm32f1xx_hal_tim.o
    0x08003770   0x08003770   0x0000000e   Code   RO           14    i.HAL_TIM_PeriodElapsedCallback  main.o
    0x0800377e   0x0800377e   0x00000002   Code   RO          841    i.HAL_TIM_TriggerCallback  stm32f1xx_hal_tim.o
    0x08003780   0x08003780   0x0000004a   Code   RO         2984    i.HAL_UARTEx_ReceiveToIdle_DMA  stm32f1xx_hal_uart.o
    0x080037ca   0x080037ca   0x00000004   Code   RO          516    i.HAL_UARTEx_RxEventCallback  stm32f1xx_it.o
    0x080037ce   0x080037ce   0x00000012   Code   RO          517    i.HAL_UART_ErrorCallback  stm32f1xx_it.o
    0x080037e0   0x080037e0   0x0000026c   Code   RO         3003    i.HAL_UART_IRQHandler  stm32f1xx_hal_uart.o
    0x08003a4c   0x08003a4c   0x00000064   Code   RO         3004    i.HAL_UART_Init     stm32f1xx_hal_uart.o
    0x08003ab0   0x08003ab0   0x00000260   Code   RO          454    i.HAL_UART_MspInit  usart.o
    0x08003d10   0x08003d10   0x00000002   Code   RO         3010    i.HAL_UART_RxCpltCallback  stm32f1xx_hal_uart.o
    0x08003d12   0x08003d12   0x00000002   Code   RO         3011    i.HAL_UART_RxHalfCpltCallback  stm32f1xx_hal_uart.o
    0x08003d14   0x08003d14   0x00000078   Code   RO         3013    i.HAL_UART_Transmit_DMA  stm32f1xx_hal_uart.o
    0x08003d8c   0x08003d8c   0x00000012   Code   RO          518    i.HAL_UART_TxCpltCallback  stm32f1xx_it.o
    0x08003d9e   0x08003d9e   0x00000002   Code   RO         3016    i.HAL_UART_TxHalfCpltCallback  stm32f1xx_hal_uart.o
    0x08003da0   0x08003da0   0x00000002   Code   RO          519    i.HardFault_Handler  stm32f1xx_it.o
    0x08003da2   0x08003da2   0x00000002   PAD
    0x08003da4   0x08003da4   0x00000068   Code   RO         5218    i.Logging_ErrorCallback  log.o
    0x08003e0c   0x08003e0c   0x00000030   Code   RO         5220    i.Logging_Init      log.o
    0x08003e3c   0x08003e3c   0x0000000e   Code   RO         5221    i.Logging_NextIndex  log.o
    0x08003e4a   0x08003e4a   0x00000036   Code   RO         5222    i.Logging_Print     log.o
    0x08003e80   0x08003e80   0x00000048   Code   RO         5223    i.Logging_Printf    log.o
    0x08003ec8   0x08003ec8   0x00000094   Code   RO         5224    i.Logging_StartTxDma  log.o
    0x08003f5c   0x08003f5c   0x00000010   Code   RO          225    i.Logging_Task      freertos.o
    0x08003f6c   0x08003f6c   0x000000b8   Code   RO         5225    i.Logging_TaskProcess  log.o
    0x08004024   0x08004024   0x00000024   Code   RO         5226    i.Logging_TxCpltCallback  log.o
    0x08004048   0x08004048   0x00000060   Code   RO         5227    i.Logging_WriteBuffer  log.o
    0x080040a8   0x080040a8   0x000000b8   Code   RO          335    i.MX_ADC1_Init      adc.o
    0x08004160   0x08004160   0x0000007c   Code   RO          375    i.MX_DMA_Init       dma.o
    0x080041dc   0x080041dc   0x000000bc   Code   RO          226    i.MX_FREERTOS_Init  freertos.o
    0x08004298   0x08004298   0x00000090   Code   RO          200    i.MX_GPIO_Init      gpio.o
    0x08004328   0x08004328   0x000000b0   Code   RO          402    i.MX_TIM1_Init      tim.o
    0x080043d8   0x080043d8   0x000000a0   Code   RO          403    i.MX_TIM4_Init      tim.o
    0x08004478   0x08004478   0x0000003c   Code   RO          455    i.MX_USART1_UART_Init  usart.o
    0x080044b4   0x080044b4   0x00000038   Code   RO          456    i.MX_USART2_UART_Init  usart.o
    0x080044ec   0x080044ec   0x00000038   Code   RO          457    i.MX_USART3_UART_Init  usart.o
    0x08004524   0x08004524   0x00000002   Code   RO          520    i.MemManage_Handler  stm32f1xx_it.o
    0x08004526   0x08004526   0x00000002   PAD
    0x08004528   0x08004528   0x00000030   Code   RO         5341    i.Motor_ApplyPwm    motor_control.o
    0x08004558   0x08004558   0x0000000c   Code   RO         5342    i.Motor_ClearFault  motor_control.o
    0x08004564   0x08004564   0x0000001a   Code   RO         5343    i.Motor_DutyToPulse  motor_control.o
    0x0800457e   0x0800457e   0x00000002   PAD
    0x08004580   0x08004580   0x0000002c   Code   RO         5345    i.Motor_GetDutyPercent  motor_control.o
    0x080045ac   0x080045ac   0x0000000c   Code   RO         5346    i.Motor_GetLevel    motor_control.o
    0x080045b8   0x080045b8   0x0000000c   Code   RO         5347    i.Motor_HasFault    motor_control.o
    0x080045c4   0x080045c4   0x0000003c   Code   RO         5348    i.Motor_Init        motor_control.o
    0x08004600   0x08004600   0x00000024   Code   RO         5353    i.Motor_SetLevel    motor_control.o
    0x08004624   0x08004624   0x0000003c   Code   RO         5354    i.Motor_SetTimerChannel  motor_control.o
    0x08004660   0x08004660   0x00000018   Code   RO         5355    i.Motor_Stop        motor_control.o
    0x08004678   0x08004678   0x0000000c   Code   RO          227    i.Motor_Task        freertos.o
    0x08004684   0x08004684   0x00000060   Code   RO         5356    i.Motor_TaskProcess  motor_control.o
    0x080046e4   0x080046e4   0x00000002   Code   RO          521    i.NMI_Handler       stm32f1xx_it.o
    0x080046e6   0x080046e6   0x00000002   PAD
    0x080046e8   0x080046e8   0x00000048   Code   RO         5454    i.PumpValve_Apply   pump_valve.o
    0x08004730   0x08004730   0x0000000c   Code   RO         5455    i.PumpValve_ClearFault  pump_valve.o
    0x0800473c   0x0800473c   0x0000000c   Code   RO         5456    i.PumpValve_GetMode  pump_valve.o
    0x08004748   0x08004748   0x0000000c   Code   RO         5457    i.PumpValve_HasFault  pump_valve.o
    0x08004754   0x08004754   0x00000020   Code   RO         5458    i.PumpValve_Init    pump_valve.o
    0x08004774   0x08004774   0x00000024   Code   RO         5460    i.PumpValve_SetMode  pump_valve.o
    0x08004798   0x08004798   0x00000048   Code   RO         5461    i.PumpValve_TaskProcess  pump_valve.o
    0x080047e0   0x080047e0   0x0000000c   Code   RO          228    i.Pump_Valve_Task   freertos.o
    0x080047ec   0x080047ec   0x0000001e   Code   RO         5539    i.Sensor_CalcCurrentMa  sensor.o
    0x0800480a   0x0800480a   0x00000002   PAD
    0x0800480c   0x0800480c   0x00000090   Code   RO         5540    i.Sensor_CalcNtcTemperature  sensor.o
    0x0800489c   0x0800489c   0x00000012   Code   RO         5541    i.Sensor_CalcScaledDecivolt  sensor.o
    0x080048ae   0x080048ae   0x00000002   PAD
    0x080048b0   0x080048b0   0x0000000c   Code   RO         5542    i.Sensor_GetBatteryDeciVolt  sensor.o
    0x080048bc   0x080048bc   0x0000000c   Code   RO         5545    i.Sensor_GetMotorCurrentMa  sensor.o
    0x080048c8   0x080048c8   0x0000000c   Code   RO         5546    i.Sensor_GetPumpCurrentMa  sensor.o
    0x080048d4   0x080048d4   0x0000000c   Code   RO         5549    i.Sensor_GetTemperatureC  sensor.o
    0x080048e0   0x080048e0   0x0000002c   Code   RO         5550    i.Sensor_GetTemperatureCx10  sensor.o
    0x0800490c   0x0800490c   0x00000020   Code   RO         5551    i.Sensor_GetWaterLevelProtocol  sensor.o
    0x0800492c   0x0800492c   0x00000068   Code   RO         5553    i.Sensor_Init       sensor.o
    0x08004994   0x08004994   0x0000000c   Code   RO         5554    i.Sensor_IsTempSensorOk  sensor.o
    0x080049a0   0x080049a0   0x0000000c   Code   RO         5555    i.Sensor_IsWaterSensorOk  sensor.o
    0x080049ac   0x080049ac   0x0000000c   Code   RO          229    i.Sensor_Task       freertos.o
    0x080049b8   0x080049b8   0x0000011c   Code   RO         5556    i.Sensor_TaskProcess  sensor.o
    0x08004ad4   0x08004ad4   0x0000001a   Code   RO         4485    i.SysTick_Handler   cmsis_os2.o
    0x08004aee   0x08004aee   0x00000078   Code   RO           15    i.SystemClock_Config  main.o
    0x08004b66   0x08004b66   0x00000002   Code   RO         3338    i.SystemInit        system_stm32f1xx.o
    0x08004b68   0x08004b68   0x00000024   Code   RO         5669    i.SystemMonitor_ClearErrors  system_monitor.o
    0x08004b8c   0x08004b8c   0x0000000c   Code   RO         5670    i.SystemMonitor_GetCommand  system_monitor.o
    0x08004b98   0x08004b98   0x00000010   Code   RO         5671    i.SystemMonitor_GetErrCode1  system_monitor.o
    0x08004ba8   0x08004ba8   0x00000010   Code   RO         5672    i.SystemMonitor_GetErrCode2  system_monitor.o
    0x08004bb8   0x08004bb8   0x0000000c   Code   RO         5673    i.SystemMonitor_GetLinkStatus  system_monitor.o
    0x08004bc4   0x08004bc4   0x0000000c   Code   RO         5674    i.SystemMonitor_GetMainStatus  system_monitor.o
    0x08004bd0   0x08004bd0   0x0000000c   Code   RO         5675    i.SystemMonitor_GetSubStatus  system_monitor.o
    0x08004bdc   0x08004bdc   0x00000030   Code   RO         5676    i.SystemMonitor_GetTimerRemainingMin  system_monitor.o
    0x08004c0c   0x08004c0c   0x00000020   Code   RO         5677    i.SystemMonitor_Init  system_monitor.o
    0x08004c2c   0x08004c2c   0x00000014   Code   RO         5679    i.SystemMonitor_RequestReset  system_monitor.o
    0x08004c40   0x08004c40   0x0000004c   Code   RO         5680    i.SystemMonitor_SetBathTimer  system_monitor.o
    0x08004c8c   0x08004c8c   0x0000000c   Code   RO         5681    i.SystemMonitor_SetCommand  system_monitor.o
    0x08004c98   0x08004c98   0x00000010   Code   RO         5682    i.SystemMonitor_SetLinkStatus  system_monitor.o
    0x08004ca8   0x08004ca8   0x0000000c   Code   RO         5683    i.SystemMonitor_SetMainStatus  system_monitor.o
    0x08004cb4   0x08004cb4   0x0000001a   Code   RO         5684    i.SystemMonitor_StopAllOutputs  system_monitor.o
    0x08004cce   0x08004cce   0x00000002   PAD
    0x08004cd0   0x08004cd0   0x0000010c   Code   RO         5685    i.SystemMonitor_TaskProcess  system_monitor.o
    0x08004ddc   0x08004ddc   0x0000000c   Code   RO          230    i.System_Monitor_Task  freertos.o
    0x08004de8   0x08004de8   0x0000000c   Code   RO          522    i.TIM2_IRQHandler   stm32f1xx_it.o
    0x08004df4   0x08004df4   0x00000078   Code   RO          843    i.TIM_Base_SetConfig  stm32f1xx_hal_tim.o
    0x08004e6c   0x08004e6c   0x0000001a   Code   RO          844    i.TIM_CCxChannelCmd  stm32f1xx_hal_tim.o
    0x08004e86   0x08004e86   0x00000002   PAD
    0x08004e88   0x08004e88   0x00000050   Code   RO          856    i.TIM_OC1_SetConfig  stm32f1xx_hal_tim.o
    0x08004ed8   0x08004ed8   0x00000058   Code   RO          857    i.TIM_OC2_SetConfig  stm32f1xx_hal_tim.o
    0x08004f30   0x08004f30   0x00000058   Code   RO          858    i.TIM_OC3_SetConfig  stm32f1xx_hal_tim.o
    0x08004f88   0x08004f88   0x00000044   Code   RO          859    i.TIM_OC4_SetConfig  stm32f1xx_hal_tim.o
    0x08004fcc   0x08004fcc   0x0000000c   Code   RO         5798    i.Temp_ClearFault   temp_control.o
    0x08004fd8   0x08004fd8   0x0000000c   Code   RO          231    i.Temp_Control_Task  freertos.o
    0x08004fe4   0x08004fe4   0x000000b0   Code   RO         5799    i.Temp_Control_TaskProcess  temp_control.o
    0x08005094   0x08005094   0x0000001c   Code   RO         5800    i.Temp_Enable       temp_control.o
    0x080050b0   0x080050b0   0x0000000c   Code   RO         5802    i.Temp_HasFault     temp_control.o
    0x080050bc   0x080050bc   0x0000001c   Code   RO         5803    i.Temp_Init         temp_control.o
    0x080050d8   0x080050d8   0x0000000c   Code   RO         5804    i.Temp_IsEnabled    temp_control.o
    0x080050e4   0x080050e4   0x0000002c   Code   RO         5808    i.Temp_SetHeatOutput  temp_control.o
    0x08005110   0x08005110   0x00000020   Code   RO         5809    i.Temp_SetTargetC   temp_control.o
    0x08005130   0x08005130   0x000000a4   Code   RO         5889    i.UART_Comm_BuildStatusFrame  uart_comm.o
    0x080051d4   0x080051d4   0x0000001a   Code   RO         5890    i.UART_Comm_Checksum  uart_comm.o
    0x080051ee   0x080051ee   0x00000002   PAD
    0x080051f0   0x080051f0   0x0000006c   Code   RO         5891    i.UART_Comm_ErrorCallback  uart_comm.o
    0x0800525c   0x0800525c   0x00000030   Code   RO         5892    i.UART_Comm_FetchFrame  uart_comm.o
    0x0800528c   0x0800528c   0x00000028   Code   RO         5893    i.UART_Comm_GetTxSlot  uart_comm.o
    0x080052b4   0x080052b4   0x000000b8   Code   RO         5894    i.UART_Comm_Init    uart_comm.o
    0x0800536c   0x0800536c   0x00000024   Code   RO         5895    i.UART_Comm_IsBaseConnected  uart_comm.o
    0x08005390   0x08005390   0x00000026   Code   RO         5896    i.UART_Comm_IsFrameValid  uart_comm.o
    0x080053b6   0x080053b6   0x00000064   Code   RO         5897    i.UART_Comm_ParserPush  uart_comm.o
    0x0800541a   0x0800541a   0x00000110   Code   RO         5898    i.UART_Comm_ProcessBucketCommand  uart_comm.o
    0x0800552a   0x0800552a   0x0000004e   Code   RO         5899    i.UART_Comm_ProcessDmaRx  uart_comm.o
    0x08005578   0x08005578   0x00000074   Code   RO         5900    i.UART_Comm_ProcessLinuxFrame  uart_comm.o
    0x080055ec   0x080055ec   0x00000026   Code   RO         5901    i.UART_Comm_ProcessRxRange  uart_comm.o
    0x08005612   0x08005612   0x00000002   PAD
    0x08005614   0x08005614   0x00000048   Code   RO         5902    i.UART_Comm_RxEventCallback  uart_comm.o
    0x0800565c   0x0800565c   0x0000003c   Code   RO         5903    i.UART_Comm_SendFrame  uart_comm.o
    0x08005698   0x08005698   0x00000030   Code   RO         5904    i.UART_Comm_StartReceiveOne  uart_comm.o
    0x080056c8   0x080056c8   0x00000056   Code   RO         5905    i.UART_Comm_StopReceiveOne  uart_comm.o
    0x0800571e   0x0800571e   0x00000002   PAD
    0x08005720   0x08005720   0x00000090   Code   RO         5906    i.UART_Comm_TaskProcess  uart_comm.o
    0x080057b0   0x080057b0   0x00000076   Code   RO         5907    i.UART_Comm_TryStartTx  uart_comm.o
    0x08005826   0x08005826   0x00000024   Code   RO         5908    i.UART_Comm_TxCpltCallback  uart_comm.o
    0x0800584a   0x0800584a   0x00000010   Code   RO         3017    i.UART_DMAAbortOnError  stm32f1xx_hal_uart.o
    0x0800585a   0x0800585a   0x0000004a   Code   RO         3018    i.UART_DMAError     stm32f1xx_hal_uart.o
    0x080058a4   0x080058a4   0x00000086   Code   RO         3019    i.UART_DMAReceiveCplt  stm32f1xx_hal_uart.o
    0x0800592a   0x0800592a   0x0000001e   Code   RO         3021    i.UART_DMARxHalfCplt  stm32f1xx_hal_uart.o
    0x08005948   0x08005948   0x00000042   Code   RO         3023    i.UART_DMATransmitCplt  stm32f1xx_hal_uart.o
    0x0800598a   0x0800598a   0x0000000a   Code   RO         3025    i.UART_DMATxHalfCplt  stm32f1xx_hal_uart.o
    0x08005994   0x08005994   0x0000004e   Code   RO         3027    i.UART_EndRxTransfer  stm32f1xx_hal_uart.o
    0x080059e2   0x080059e2   0x0000001c   Code   RO         3028    i.UART_EndTxTransfer  stm32f1xx_hal_uart.o
    0x080059fe   0x080059fe   0x000000c2   Code   RO         3029    i.UART_Receive_IT   stm32f1xx_hal_uart.o
    0x08005ac0   0x08005ac0   0x000000b8   Code   RO         3030    i.UART_SetConfig    stm32f1xx_hal_uart.o
    0x08005b78   0x08005b78   0x00000090   Code   RO         3031    i.UART_Start_Receive_DMA  stm32f1xx_hal_uart.o
    0x08005c08   0x08005c08   0x0000000c   Code   RO          523    i.USART1_IRQHandler  stm32f1xx_it.o
    0x08005c14   0x08005c14   0x0000000c   Code   RO          524    i.USART2_IRQHandler  stm32f1xx_it.o
    0x08005c20   0x08005c20   0x0000000c   Code   RO          525    i.USART3_IRQHandler  stm32f1xx_it.o
    0x08005c2c   0x08005c2c   0x0000000c   Code   RO         6027    i.UV_ClearFault     uv_lamp.o
    0x08005c38   0x08005c38   0x0000000c   Code   RO         6028    i.UV_HasFault       uv_lamp.o
    0x08005c44   0x08005c44   0x0000001c   Code   RO         6029    i.UV_Init           uv_lamp.o
    0x08005c60   0x08005c60   0x0000000c   Code   RO         6030    i.UV_IsOn           uv_lamp.o
    0x08005c6c   0x08005c6c   0x00000010   Code   RO          232    i.UV_Lamp_Task      freertos.o
    0x08005c7c   0x08005c7c   0x00000018   Code   RO         6031    i.UV_Off            uv_lamp.o
    0x08005c94   0x08005c94   0x00000018   Code   RO         6032    i.UV_On             uv_lamp.o
    0x08005cac   0x08005cac   0x0000000a   Code   RO         6033    i.UV_Set            uv_lamp.o
    0x08005cb6   0x08005cb6   0x00000002   PAD
    0x08005cb8   0x08005cb8   0x00000024   Code   RO         6034    i.UV_TaskProcess    uv_lamp.o
    0x08005cdc   0x08005cdc   0x00000002   Code   RO          526    i.UsageFault_Handler  stm32f1xx_it.o
    0x08005cde   0x08005cde   0x00000028   Code   RO         6380    i.__ARM_fpclassify  m_ws.l(fpclassify.o)
    0x08005d06   0x08005d06   0x00000020   Code   RO         2487    i.__NVIC_SetPriority  stm32f1xx_hal_cortex.o
    0x08005d26   0x08005d26   0x0000000a   Code   RO         6272    i.__mathlib_flt_divzero  m_ws.l(funder.o)
    0x08005d30   0x08005d30   0x00000006   Code   RO         6273    i.__mathlib_flt_infnan  m_ws.l(funder.o)
    0x08005d36   0x08005d36   0x00000008   Code   RO         6275    i.__mathlib_flt_invalid  m_ws.l(funder.o)
    0x08005d3e   0x08005d3e   0x0000000e   Code   RO         6222    i._is_digit         c_w.l(__printf_wp.o)
    0x08005d4c   0x08005d4c   0x00000002   Code   RO         5228    i._sys_exit         log.o
    0x08005d4e   0x08005d4e   0x00000002   PAD
    0x08005d50   0x08005d50   0x00000190   Code   RO         6148    i.logf              m_ws.l(logf.o)
    0x08005ee0   0x08005ee0   0x00000048   Code   RO           16    i.main              main.o
    0x08005f28   0x08005f28   0x0000001a   Code   RO         4487    i.osDelay           cmsis_os2.o
    0x08005f42   0x08005f42   0x00000002   PAD
    0x08005f44   0x08005f44   0x00000024   Code   RO         4501    i.osKernelInitialize  cmsis_os2.o
    0x08005f68   0x08005f68   0x00000038   Code   RO         4504    i.osKernelStart     cmsis_os2.o
    0x08005fa0   0x08005fa0   0x0000008a   Code   RO         4546    i.osThreadNew       cmsis_os2.o
    0x0800602a   0x0800602a   0x00000002   PAD
    0x0800602c   0x0800602c   0x0000005c   Code   RO         3946    i.prvAddCurrentTaskToDelayedList  tasks.o
    0x08006088   0x08006088   0x000000d0   Code   RO         3947    i.prvAddNewTaskToReadyList  tasks.o
    0x08006158   0x08006158   0x00000058   Code   RO         4311    i.prvCheckForValidListAndQueue  timers.o
    0x080061b0   0x080061b0   0x00000026   Code   RO         3543    i.prvCopyDataFromQueue  queue.o
    0x080061d6   0x080061d6   0x0000006c   Code   RO         3544    i.prvCopyDataToQueue  queue.o
    0x08006242   0x08006242   0x00000034   Code   RO         3948    i.prvDeleteTCB      tasks.o
    0x08006276   0x08006276   0x00000002   PAD
    0x08006278   0x08006278   0x0000004c   Code   RO         4998    i.prvHeapInit       heap_4.o
    0x080062c4   0x080062c4   0x00000060   Code   RO         3949    i.prvIdleTask       tasks.o
    0x08006324   0x08006324   0x00000022   Code   RO         3546    i.prvInitialiseNewQueue  queue.o
    0x08006346   0x08006346   0x00000002   PAD
    0x08006348   0x08006348   0x000000b0   Code   RO         3950    i.prvInitialiseNewTask  tasks.o
    0x080063f8   0x080063f8   0x0000004c   Code   RO         4999    i.prvInsertBlockIntoFreeList  heap_4.o
    0x08006444   0x08006444   0x00000038   Code   RO         4313    i.prvInsertTimerInActiveList  timers.o
    0x0800647c   0x0800647c   0x0000001c   Code   RO         3547    i.prvIsQueueEmpty   queue.o
    0x08006498   0x08006498   0x000000fc   Code   RO         4314    i.prvProcessReceivedCommands  timers.o
    0x08006594   0x08006594   0x000000c0   Code   RO         4315    i.prvProcessTimerOrBlockTask  timers.o
    0x08006654   0x08006654   0x00000020   Code   RO         3952    i.prvResetNextTaskUnblockTime  tasks.o
    0x08006674   0x08006674   0x00000028   Code   RO         4316    i.prvSampleTimeNow  timers.o
    0x0800669c   0x0800669c   0x0000006c   Code   RO         4317    i.prvSwitchTimerLists  timers.o
    0x08006708   0x08006708   0x00000028   Code   RO         5054    i.prvTaskExitError  port.o
    0x08006730   0x08006730   0x00000024   Code   RO         4318    i.prvTimerTask      timers.o
    0x08006754   0x08006754   0x0000006a   Code   RO         3548    i.prvUnlockQueue    queue.o
    0x080067be   0x080067be   0x00000002   PAD
    0x080067c0   0x080067c0   0x000000dc   Code   RO         5000    i.pvPortMalloc      heap_4.o
    0x0800689c   0x0800689c   0x00000024   Code   RO         5055    i.pxPortInitialiseStack  port.o
    0x080068c0   0x080068c0   0x00000026   Code   RO         3503    i.uxListRemove      list.o
    0x080068e6   0x080068e6   0x00000002   PAD
    0x080068e8   0x080068e8   0x00000014   Code   RO         4558    i.vApplicationGetIdleTaskMemory  cmsis_os2.o
    0x080068fc   0x080068fc   0x00000018   Code   RO         4559    i.vApplicationGetTimerTaskMemory  cmsis_os2.o
    0x08006914   0x08006914   0x00000016   Code   RO         3504    i.vListInitialise   list.o
    0x0800692a   0x0800692a   0x00000006   Code   RO         3505    i.vListInitialiseItem  list.o
    0x08006930   0x08006930   0x00000030   Code   RO         3506    i.vListInsert       list.o
    0x08006960   0x08006960   0x00000018   Code   RO         3507    i.vListInsertEnd    list.o
    0x08006978   0x08006978   0x00000040   Code   RO         5057    i.vPortEnterCritical  port.o
    0x080069b8   0x080069b8   0x00000028   Code   RO         5058    i.vPortExitCritical  port.o
    0x080069e0   0x080069e0   0x00000064   Code   RO         5001    i.vPortFree         heap_4.o
    0x08006a44   0x08006a44   0x00000024   Code   RO         5059    i.vPortSetupTimerInterrupt  port.o
    0x08006a68   0x08006a68   0x00000054   Code   RO         5060    i.vPortValidateInterruptPriority  port.o
    0x08006abc   0x08006abc   0x00000028   Code   RO         3554    i.vQueueAddToRegistry  queue.o
    0x08006ae4   0x08006ae4   0x00000044   Code   RO         3558    i.vQueueWaitForMessageRestricted  queue.o
    0x08006b28   0x08006b28   0x0000004c   Code   RO         3965    i.vTaskDelay        tasks.o
    0x08006b74   0x08006b74   0x00000010   Code   RO         3970    i.vTaskInternalSetTimeOutState  tasks.o
    0x08006b84   0x08006b84   0x0000000c   Code   RO         3971    i.vTaskMissedYield  tasks.o
    0x08006b90   0x08006b90   0x00000030   Code   RO         3973    i.vTaskPlaceOnEventList  tasks.o
    0x08006bc0   0x08006bc0   0x00000038   Code   RO         3974    i.vTaskPlaceOnEventListRestricted  tasks.o
    0x08006bf8   0x08006bf8   0x00000088   Code   RO         3982    i.vTaskStartScheduler  tasks.o
    0x08006c80   0x08006c80   0x00000010   Code   RO         3984    i.vTaskSuspendAll   tasks.o
    0x08006c90   0x08006c90   0x00000064   Code   RO         3985    i.vTaskSwitchContext  tasks.o
    0x08006cf4   0x08006cf4   0x000000a8   Code   RO         5061    i.xPortStartScheduler  port.o
    0x08006d9c   0x08006d9c   0x0000002c   Code   RO         5062    i.xPortSysTickHandler  port.o
    0x08006dc8   0x08006dc8   0x00000066   Code   RO         3564    i.xQueueGenericCreateStatic  queue.o
    0x08006e2e   0x08006e2e   0x00000002   PAD
    0x08006e30   0x08006e30   0x00000088   Code   RO         3565    i.xQueueGenericReset  queue.o
    0x08006eb8   0x08006eb8   0x00000160   Code   RO         3566    i.xQueueGenericSend  queue.o
    0x08007018   0x08007018   0x000000be   Code   RO         3567    i.xQueueGenericSendFromISR  queue.o
    0x080070d6   0x080070d6   0x00000002   PAD
    0x080070d8   0x080070d8   0x00000138   Code   RO         3576    i.xQueueReceive     queue.o
    0x08007210   0x08007210   0x00000074   Code   RO         3987    i.xTaskCheckForTimeOut  tasks.o
    0x08007284   0x08007284   0x0000005a   Code   RO         3988    i.xTaskCreate       tasks.o
    0x080072de   0x080072de   0x00000056   Code   RO         3989    i.xTaskCreateStatic  tasks.o
    0x08007334   0x08007334   0x0000001c   Code   RO         3993    i.xTaskGetSchedulerState  tasks.o
    0x08007350   0x08007350   0x0000000c   Code   RO         3994    i.xTaskGetTickCount  tasks.o
    0x0800735c   0x0800735c   0x000000c8   Code   RO         3996    i.xTaskIncrementTick  tasks.o
    0x08007424   0x08007424   0x00000080   Code   RO         3999    i.xTaskPriorityDisinherit  tasks.o
    0x080074a4   0x080074a4   0x00000070   Code   RO         4001    i.xTaskRemoveFromEventList  tasks.o
    0x08007514   0x08007514   0x000000c4   Code   RO         4002    i.xTaskResumeAll    tasks.o
    0x080075d8   0x080075d8   0x00000060   Code   RO         4327    i.xTimerCreateTimerTask  timers.o
    0x08007638   0x08007638   0x00000068   Code   RO         4328    i.xTimerGenericCommand  timers.o
    0x080076a0   0x080076a0   0x0000002c   Code   RO         6366    locale$$code        c_w.l(lc_numeric_c.o)
    0x080076cc   0x080076cc   0x0000002c   Code   RO         6385    locale$$code        c_w.l(lc_ctype_c.o)
    0x080076f8   0x080076f8   0x000000c4   Code   RO         6117    x$fpl$fadd          fz_ws.l(faddsub_clz.o)
    0x080077bc   0x080077bc   0x0000000c   Code   RO         6324    x$fpl$fcheck1       fz_ws.l(fcheck1.o)
    0x080077c8   0x080077c8   0x00000018   Code   RO         6255    x$fpl$fcmpinf       fz_ws.l(fcmpi.o)
    0x080077e0   0x080077e0   0x00000184   Code   RO         6124    x$fpl$fdiv          fz_ws.l(fdiv.o)
    0x08007964   0x08007964   0x00000036   Code   RO         6127    x$fpl$ffix          fz_ws.l(ffix.o)
    0x0800799a   0x0800799a   0x00000002   PAD
    0x0800799c   0x0800799c   0x0000003e   Code   RO         6131    x$fpl$ffixu         fz_ws.l(ffixu.o)
    0x080079da   0x080079da   0x00000002   PAD
    0x080079dc   0x080079dc   0x00000030   Code   RO         6136    x$fpl$fflt          fz_ws.l(fflt_clz.o)
    0x08007a0c   0x08007a0c   0x00000026   Code   RO         6135    x$fpl$ffltu         fz_ws.l(fflt_clz.o)
    0x08007a32   0x08007a32   0x00000002   PAD
    0x08007a34   0x08007a34   0x00000068   Code   RO         6141    x$fpl$fleqf         fz_ws.l(fleqf.o)
    0x08007a9c   0x08007a9c   0x00000102   Code   RO         6143    x$fpl$fmul          fz_ws.l(fmul.o)
    0x08007b9e   0x08007b9e   0x0000008c   Code   RO         6257    x$fpl$fnaninf       fz_ws.l(fnaninf.o)
    0x08007c2a   0x08007c2a   0x0000000a   Code   RO         6259    x$fpl$fretinf       fz_ws.l(fretinf.o)
    0x08007c34   0x08007c34   0x00000062   Code   RO         6145    x$fpl$frleqf        fz_ws.l(frleqf.o)
    0x08007c96   0x08007c96   0x00000002   PAD
    0x08007c98   0x08007c98   0x000000ea   Code   RO         6119    x$fpl$fsub          fz_ws.l(faddsub_clz.o)
    0x08007d82   0x08007d82   0x00000004   Code   RO         6261    x$fpl$printf1       fz_ws.l(printf1.o)
    0x08007d86   0x08007d86   0x00000004   Code   RO         6263    x$fpl$printf2       fz_ws.l(printf2.o)
    0x08007d8a   0x08007d8a   0x00000064   Code   RO         6378    x$fpl$retnan        fz_ws.l(retnan.o)
    0x08007dee   0x08007dee   0x0000004c   Code   RO         6269    x$fpl$scalbnf       fz_ws.l(scalbnf.o)
    0x08007e3a   0x08007e3a   0x00000030   Code   RO         6434    x$fpl$trapveneer    fz_ws.l(trapv.o)
    0x08007e6a   0x08007e6a   0x00000000   Code   RO         6271    x$fpl$usenofp       fz_ws.l(usenofp.o)
    0x08007e6a   0x08007e6a   0x00000002   PAD
    0x08007e6c   0x08007e6c   0x00000120   Data   RO          233    .constdata          freertos.o
    0x08007f8c   0x08007f8c   0x00000012   Data   RO         2185    .constdata          stm32f1xx_hal_rcc.o
    0x08007f9e   0x08007f9e   0x00000012   Data   RO         2277    .constdata          stm32f1xx_hal_rcc_ex.o
    0x08007fb0   0x08007fb0   0x00000010   Data   RO         3339    .constdata          system_stm32f1xx.o
    0x08007fc0   0x08007fc0   0x00000008   Data   RO         3340    .constdata          system_stm32f1xx.o
    0x08007fc8   0x08007fc8   0x00000040   Data   RO         6149    .constdata          m_ws.l(logf.o)
    0x08008008   0x08008008   0x00000008   Data   RO         6181    .constdata          c_w.l(_printf_wctomb.o)
    0x08008010   0x08008010   0x00000028   Data   RO         6210    .constdata          c_w.l(_printf_hex_int_ll_ptr.o)
    0x08008038   0x08008038   0x00000011   Data   RO         6230    .constdata          c_w.l(__printf_flags_ss_wp.o)
    0x08008049   0x08008049   0x00000026   Data   RO         6313    .constdata          c_w.l(_printf_fp_hex.o)
    0x0800806f   0x0800806f   0x00000001   PAD
    0x08008070   0x08008070   0x00000094   Data   RO         6341    .constdata          c_w.l(bigflt0.o)
    0x08008104   0x08008104   0x0000003e   Data   RO          234    .conststring        freertos.o
    0x08008142   0x08008142   0x00000002   PAD
    0x08008144   0x08008144   0x00000020   Data   RO         6509    Region$$Table       anon$$obj.o
    0x08008164   0x08008164   0x0000001c   Data   RO         6365    locale$$data        c_w.l(lc_numeric_c.o)
    0x08008180   0x08008180   0x00000110   Data   RO         6384    locale$$data        c_w.l(lc_ctype_c.o)


    Execution Region RW_IRAM1 (Exec base: 0x20000000, Load base: 0x08008290, Size: 0x00004458, Max: 0x00005000, ABSOLUTE)

    Exec Addr    Load Addr    Size         Type   Attr      Idx    E Section Name        Object

    0x20000000   0x08008290   0x00000020   Data   RW          235    .data               freertos.o
    0x20000020   0x080082b0   0x0000000c   Data   RW         2022    .data               stm32f1xx_hal.o
    0x2000002c   0x080082bc   0x00000004   Data   RW         3341    .data               system_stm32f1xx.o
    0x20000030   0x080082c0   0x0000003c   Data   RW         4005    .data               tasks.o
    0x2000006c   0x080082fc   0x00000014   Data   RW         4336    .data               timers.o
    0x20000080   0x08008310   0x00000004   Data   RW         4561    .data               cmsis_os2.o
    0x20000084   0x08008314   0x00000020   Data   RW         5007    .data               heap_4.o
    0x200000a4   0x08008334   0x0000000c   Data   RW         5063    .data               port.o
    0x200000b0   0x08008340   0x00000006   Data   RW         5231    .data               log.o
    0x200000b6   0x08008346   0x00000002   PAD
    0x200000b8   0x08008348   0x00000010   Data   RW         5357    .data               motor_control.o
    0x200000c8   0x08008358   0x00000008   Data   RW         5465    .data               pump_valve.o
    0x200000d0   0x08008360   0x00000001   Data   RW         5558    .data               sensor.o
    0x200000d1   0x08008361   0x00000003   PAD
    0x200000d4   0x08008364   0x00000010   Data   RW         5686    .data               system_monitor.o
    0x200000e4   0x08008374   0x0000000c   Data   RW         5810    .data               temp_control.o
    0x200000f0   0x08008380   0x00000010   Data   RW         5911    .data               uart_comm.o
    0x20000100   0x08008390   0x00000002   Data   RW         6035    .data               uv_lamp.o
    0x20000102   0x08008392   0x00000002   PAD
    0x20000104        -       0x00000074   Zero   RW          336    .bss                adc.o
    0x20000178        -       0x00000090   Zero   RW          404    .bss                tim.o
    0x20000208        -       0x0000022c   Zero   RW          458    .bss                usart.o
    0x20000434        -       0x00000048   Zero   RW          676    .bss                stm32f1xx_hal_timebase_tim.o
    0x2000047c        -       0x00000040   Zero   RW         3580    .bss                queue.o
    0x200004bc        -       0x000004c4   Zero   RW         4004    .bss                tasks.o
    0x20000980        -       0x00000118   Zero   RW         4335    .bss                timers.o
    0x20000a98        -       0x000006b8   Zero   RW         4560    .bss                cmsis_os2.o
    0x20001150        -       0x00002800   Zero   RW         5006    .bss                heap_4.o
    0x20003950        -       0x00000240   Zero   RW         5230    .bss                log.o
    0x20003b90        -       0x00000050   Zero   RW         5557    .bss                sensor.o
    0x20003be0        -       0x00000211   Zero   RW         5910    .bss                uart_comm.o
    0x20003df1   0x08008392   0x00000003   PAD
    0x20003df4        -       0x00000060   Zero   RW         6327    .bss                c_w.l(libspace.o)
    0x20003e54   0x08008392   0x00000004   PAD
    0x20003e58        -       0x00000200   Zero   RW            2    HEAP                startup_stm32f103xb.o
    0x20004058        -       0x00000400   Zero   RW            1    STACK               startup_stm32f103xb.o


==============================================================================

Image component sizes


      Code (inc. data)   RO Data    RW Data    ZI Data      Debug   Object Name

       376         34          0          0        116       1811   adc.o
       326         22          0          4       1720      58383   cmsis_os2.o
       124          4          0          0          0        762   dma.o
         0          0          0          0          0      19528   event_groups.o
       292         40        350         32          0       5507   freertos.o
       144         14          0          0          0        887   gpio.o
       472         24          0         32      10240       4659   heap_4.o
       138          0          0          0          0       3294   list.o
       758        132          0          6        576      15241   log.o
       210          4          0          0          0     460396   main.o
       430         50          0         16          0       6543   motor_control.o
       662         70          0         12          0      10525   port.o
       248         44          0          8          0       3957   pump_valve.o
      1514         20          0          0         64      16796   queue.o
       728        120          0          1         80       8061   sensor.o
        64         26        236          0       1536        792   startup_stm32f103xb.o
        64         14          0         12          0       4534   stm32f1xx_hal.o
      1356         56          0          0          0       9658   stm32f1xx_hal_adc.o
       218          6          0          0          0       1923   stm32f1xx_hal_adc_ex.o
       158         14          0          0          0      28098   stm32f1xx_hal_cortex.o
       808         36          0          0          0       4866   stm32f1xx_hal_dma.o
       490         34          0          0          0       2836   stm32f1xx_hal_gpio.o
        72         10          0          0          0        834   stm32f1xx_hal_msp.o
      1304         94         18          0          0       5625   stm32f1xx_hal_rcc.o
       400         28         18          0          0       2417   stm32f1xx_hal_rcc_ex.o
      1412         56          0          0          0      12631   stm32f1xx_hal_tim.o
       192         12          0          0          0       3109   stm32f1xx_hal_tim_ex.o
       152         18          0          0         72       1431   stm32f1xx_hal_timebase_tim.o
      1878         38          0          0          0      13308   stm32f1xx_hal_uart.o
       184         66          0          0          0       9433   stm32f1xx_it.o
         0          0          0          0          0        392   stream_buffer.o
       626        124          0         16          0      34557   system_monitor.o
         2          0         24          4          0       1067   system_stm32f1xx.o
      2084        168          0         60       1220      25740   tasks.o
       344         66          0         12          0       4686   temp_control.o
       524         50          0          0        144       2968   tim.o
       972         80          0         20        280      31747   timers.o
      1812        120          0         16        529      15847   uart_comm.o
       780         66          0          0        556       3395   usart.o
       158         46          0          2          0       3827   uv_lamp.o

    ----------------------------------------------------------------------
     22538       1806        680        260      17136     842071   Object Totals
         0          0         32          0          0          0   (incl. Generated)
        62          0          2          7          3          0   (incl. Padding)

    ----------------------------------------------------------------------

      Code (inc. data)   RO Data    RW Data    ZI Data      Debug   Library Member Name

         8          0          0          0          0         68   __main.o
       392          4         17          0          0         92   __printf_flags_ss_wp.o
        14          0          0          0          0         68   __printf_wp.o
         0          0          0          0          0          0   __rtentry.o
        12          0          0          0          0          0   __rtentry2.o
         6          0          0          0          0          0   __rtentry4.o
        52          8          0          0          0          0   __scatter.o
        26          0          0          0          0          0   __scatter_copy.o
        28          0          0          0          0          0   __scatter_zi.o
         6          0          0          0          0          0   _printf_a.o
         6          0          0          0          0          0   _printf_c.o
        44          0          0          0          0        108   _printf_char.o
        48          6          0          0          0         96   _printf_char_common.o
        40          0          0          0          0         68   _printf_charcount.o
         6          0          0          0          0          0   _printf_d.o
       120         16          0          0          0         92   _printf_dec.o
         6          0          0          0          0          0   _printf_e.o
         6          0          0          0          0          0   _printf_f.o
      1054          0          0          0          0        216   _printf_fp_dec.o
       764          8         38          0          0        100   _printf_fp_hex.o
       128         16          0          0          0         84   _printf_fp_infnan.o
         6          0          0          0          0          0   _printf_g.o
       148          4         40          0          0        160   _printf_hex_int_ll_ptr.o
         6          0          0          0          0          0   _printf_i.o
       178          0          0          0          0         88   _printf_intcommon.o
        10          0          0          0          0          0   _printf_l.o
         6          0          0          0          0          0   _printf_lc.o
        10          0          0          0          0          0   _printf_ll.o
         6          0          0          0          0          0   _printf_lld.o
         6          0          0          0          0          0   _printf_lli.o
         6          0          0          0          0          0   _printf_llo.o
         6          0          0          0          0          0   _printf_llu.o
         6          0          0          0          0          0   _printf_llx.o
       124         16          0          0          0         92   _printf_longlong_dec.o
         6          0          0          0          0          0   _printf_ls.o
         6          0          0          0          0          0   _printf_n.o
         6          0          0          0          0          0   _printf_o.o
       112         10          0          0          0        124   _printf_oct_int_ll.o
         6          0          0          0          0          0   _printf_p.o
        78          0          0          0          0        108   _printf_pad.o
         0          0          0          0          0          0   _printf_percent.o
         4          0          0          0          0          0   _printf_percent_end.o
         6          0          0          0          0          0   _printf_s.o
        82          0          0          0          0         80   _printf_str.o
        36          0          0          0          0         84   _printf_truncate.o
         6          0          0          0          0          0   _printf_u.o
        44          0          0          0          0        108   _printf_wchar.o
       188          6          8          0          0         92   _printf_wctomb.o
         6          0          0          0          0          0   _printf_x.o
        22          0          0          0          0        100   _rserrno.o
        16          0          0          0          0         68   _snputc.o
        10          0          0          0          0         68   _sputc.o
        64          0          0          0          0         92   _wcrtomb.o
        16          0          0          0          0         68   aeabi_memset.o
       228          4        148          0          0         96   bigflt0.o
      1936        128          0          0          0        672   btod.o
        18          0          0          0          0         80   exit.o
         6          0          0          0          0        152   heapauxi.o
        44         10        272          0          0         76   lc_ctype_c.o
        44         10         28          0          0         76   lc_numeric_c.o
         2          0          0          0          0          0   libinit.o
        30          0          0          0          0          0   libinit2.o
         2          0          0          0          0          0   libshutdown.o
         2          0          0          0          0          0   libshutdown2.o
         8          4          0          0         96         68   libspace.o
       138          0          0          0          0         80   lludiv10.o
        16          4          0          0          0         76   rt_ctype_table.o
         8          4          0          0          0         68   rt_errno_addr_intlibspace.o
         8          4          0          0          0         68   rt_locale_intlibspace.o
        68          0          0          0          0         68   rt_memclr.o
        78          0          0          0          0         80   rt_memclr_w.o
       138          0          0          0          0         68   rt_memcpy_v6.o
       100          0          0          0          0         80   rt_memcpy_w.o
         2          0          0          0          0          0   rtexit.o
        10          0          0          0          0          0   rtexit2.o
       128          0          0          0          0         68   strcmpv7m.o
        62          0          0          0          0         76   strlen.o
        74          0          0          0          0         80   sys_stackheap_outer.o
         2          0          0          0          0         68   use_no_semi.o
         2          0          0          0          0         68   use_no_semi_2.o
        52          4          0          0          0         80   vsnprintf.o
       430          8          0          0          0        168   faddsub_clz.o
        12          4          0          0          0         68   fcheck1.o
        24          0          0          0          0         68   fcmpi.o
       388         76          0          0          0         96   fdiv.o
        54          4          0          0          0         84   ffix.o
        62          4          0          0          0         84   ffixu.o
        86          0          0          0          0        136   fflt_clz.o
       104          4          0          0          0         84   fleqf.o
       258          4          0          0          0         84   fmul.o
       140          4          0          0          0         84   fnaninf.o
        10          0          0          0          0         68   fretinf.o
        98          0          0          0          0         68   frleqf.o
         4          0          0          0          0         68   printf1.o
         4          0          0          0          0         68   printf2.o
       100          0          0          0          0         68   retnan.o
        76          0          0          0          0         68   scalbnf.o
        48          0          0          0          0         68   trapv.o
         0          0          0          0          0          0   usenofp.o
        40          0          0          0          0         68   fpclassify.o
        24          0          0          0          0        204   funder.o
       400         38         64          0          0        132   logf.o

    ----------------------------------------------------------------------
      9590        412        616          0        100       6408   Library Totals
        24          0          1          0          4          0   (incl. Padding)

    ----------------------------------------------------------------------

      Code (inc. data)   RO Data    RW Data    ZI Data      Debug   Library Name

      7204        266        551          0         96       4572   c_w.l
      1898        108          0          0          0       1432   fz_ws.l
       464         38         64          0          0        404   m_ws.l

    ----------------------------------------------------------------------
      9590        412        616          0        100       6408   Library Totals

    ----------------------------------------------------------------------

==============================================================================


      Code (inc. data)   RO Data    RW Data    ZI Data      Debug   

     32128       2218       1296        260      17236     830015   Grand Totals
     32128       2218       1296        260      17236     830015   ELF Image Totals
     32128       2218       1296        260          0          0   ROM Totals

==============================================================================

    Total RO  Size (Code + RO Data)                33424 (  32.64kB)
    Total RW  Size (RW Data + ZI Data)             17496 (  17.09kB)
    Total ROM Size (Code + RO Data + RW Data)      33684 (  32.89kB)

==============================================================================

