<html>
<body>
<pre>
<h1>�Vision Build Log</h1>
<h2>Tool Versions:</h2>
IDE-Version: ��Vision V5.25.2.0
Copyright (C) 2018 ARM Ltd and ARM Germany GmbH. All rights reserved.
License Information: sky cao, microsoft, LIC=KRMW3-ADGH1-56NQ2-94EH7-YZSPZ-HLWW7
 
Tool Versions:
Toolchain:       MDK-ARM Plus  Version: 5.25.2.0
Toolchain Path:  C:\Keil_v5\ARM\ARMCC\Bin
C Compiler:      Armcc.exe V5.06 update 6 (build 750)
Assembler:       Armasm.exe V5.06 update 6 (build 750)
Linker/Locator:  ArmLink.exe V5.06 update 6 (build 750)
Library Manager: ArmAr.exe V5.06 update 6 (build 750)
Hex Converter:   FromElf.exe V5.06 update 6 (build 750)
CPU DLL:         SARMCM3.DLL V5.25.2.0
Dialog DLL:      DCM.DLL V1.17.1.0
Target DLL:      STLink\ST-LINKIII-KEIL_SWO.dll V3.0.1.0
Dialog DLL:      TCM.DLL V1.35.1.0
 
<h2>Project:</h2>
G:\work\skycode\Foot_bath_robot_V1\MDK-ARM\Foot_bath_robot1.uvprojx
Project File Date:  05/22/2026

<h2>Output:</h2>
*** Using Compiler 'V5.06 update 6 (build 750)', folder: 'C:\Keil_v5\ARM\ARMCC\Bin'
Rebuild target 'Foot_bath_robot1'
assembling startup_stm32f103xb.s...
compiling stm32f1xx_hal_gpio_ex.c...
compiling usart.c...
compiling dma.c...
compiling stm32f1xx_hal_msp.c...
compiling tim.c...
compiling adc.c...
compiling stm32f1xx_hal_timebase_tim.c...
compiling freertos.c...
compiling gpio.c...
compiling stm32f1xx_it.c...
compiling main.c...
compiling stm32f1xx_hal_pwr.c...
compiling stm32f1xx_hal.c...
compiling stm32f1xx_hal_rcc_ex.c...
compiling stm32f1xx_hal_gpio.c...
compiling stm32f1xx_hal_cortex.c...
compiling stm32f1xx_hal_tim_ex.c...
compiling stm32f1xx_hal_adc_ex.c...
compiling stm32f1xx_hal_dma.c...
compiling croutine.c...
compiling list.c...
compiling event_groups.c...
compiling stm32f1xx_hal_tim.c...
compiling stream_buffer.c...
compiling stm32f1xx_hal_adc.c...
compiling queue.c...
compiling tasks.c...
compiling timers.c...
compiling heap_4.c...
compiling stm32f1xx_hal_rcc.c...
compiling port.c...
compiling stm32f1xx_hal_flash_ex.c...
compiling stm32f1xx_hal_flash.c...
compiling stm32f1xx_hal_exti.c...
compiling system_stm32f1xx.c...
compiling motor_control.c...
compiling stm32f1xx_hal_uart.c...
compiling log.c...
compiling pump_valve.c...
..\Hardware\pump_valve.c(63): warning:  #550-D: variable "current_ma"  was set but never used
    uint16_t current_ma;
..\Hardware\pump_valve.c: 1 warning, 0 errors
compiling cmsis_os2.c...
compiling color_light.c...
compiling uv_lamp.c...
compiling sensor.c...
compiling system_monitor.c...
..\Hardware\system_monitor.c(210): warning:  #550-D: variable "battery_dv"  was set but never used
    uint16_t battery_dv;      //电池电压（分厘伏�?
..\Hardware\system_monitor.c: 1 warning, 0 errors
compiling temp_control.c...
compiling uart_comm.c...
linking...
Program Size: Code=33444 RO-data=1416 RW-data=284 ZI-data=17300  
FromELF: creating hex file...
"Foot_bath_robot1\Foot_bath_robot1.axf" - 0 Error(s), 2 Warning(s).

<h2>Software Packages used:</h2>

Package Vendor: ARM
                http://www.keil.com/pack/ARM.CMSIS.5.3.0.pack
                ARM.CMSIS.5.3.0
                CMSIS (Cortex Microcontroller Software Interface Standard)
   * Component: CORE Version: 5.1.1

Package Vendor: Keil
                http://www.keil.com/pack/Keil.STM32F1xx_DFP.2.4.0.pack
                Keil.STM32F1xx_DFP.2.4.0
                STMicroelectronics STM32F1 Series Device Support, Drivers and Examples

<h2>Collection of Component include folders:</h2>
  .\RTE\_Foot_bath_robot1
  C:\Keil_v5\ARM\PACK\ARM\CMSIS\5.3.0\CMSIS\Include
  C:\Keil_v5\ARM\PACK\Keil\STM32F1xx_DFP\2.4.0\Device\Include

<h2>Collection of Component Files used:</h2>

   * Component: ARM::CMSIS:CORE:5.1.1
Build Time Elapsed:  00:00:18
</pre>
</body>
</html>
